Archive member included to satisfy reference by file (symbol)

c:/compiler/gcc-arm-none-eabi-10.3/bin/../lib/gcc/arm-none-eabi/10.3.1/thumb/v7e-m+fp/hard\libgcc.a(_aeabi_uldivmod.o)
                              tmp/obj/gcc/can_freertos_customization/OsIf_Timer_System.o (__aeabi_uldivmod)
c:/compiler/gcc-arm-none-eabi-10.3/bin/../lib/gcc/arm-none-eabi/10.3.1/thumb/v7e-m+fp/hard\libgcc.a(_udivmoddi4.o)
                              c:/compiler/gcc-arm-none-eabi-10.3/bin/../lib/gcc/arm-none-eabi/10.3.1/thumb/v7e-m+fp/hard\libgcc.a(_aeabi_uldivmod.o) (__udivmoddi4)
c:/compiler/gcc-arm-none-eabi-10.3/bin/../lib/gcc/arm-none-eabi/10.3.1/thumb/v7e-m+fp/hard\libgcc.a(_dvmd_tls.o)
                              c:/compiler/gcc-arm-none-eabi-10.3/bin/../lib/gcc/arm-none-eabi/10.3.1/thumb/v7e-m+fp/hard\libgcc.a(_aeabi_uldivmod.o) (__aeabi_ldiv0)
c:/compiler/gcc-arm-none-eabi-10.3/bin/../lib/gcc/arm-none-eabi/10.3.1/../../../../arm-none-eabi/lib/thumb/v7e-m+fp/hard\libg_nano.a(lib_a-memcpy-stub.o)
                              tmp/obj/gcc/can_freertos_customization/Can_Llce.o (memcpy)
c:/compiler/gcc-arm-none-eabi-10.3/bin/../lib/gcc/arm-none-eabi/10.3.1/../../../../arm-none-eabi/lib/thumb/v7e-m+fp/hard\libg_nano.a(lib_a-memset.o)
                              tmp/obj/gcc/can_freertos_customization/main.o (memset)
c:/compiler/gcc-arm-none-eabi-10.3/bin/../lib/gcc/arm-none-eabi/10.3.1/../../../../arm-none-eabi/lib/thumb/v7e-m+fp/hard\libg_nano.a(lib_a-sprintf.o)
                              tmp/obj/gcc/can_freertos_customization/tasks.o (sprintf)
c:/compiler/gcc-arm-none-eabi-10.3/bin/../lib/gcc/arm-none-eabi/10.3.1/../../../../arm-none-eabi/lib/thumb/v7e-m+fp/hard\libg_nano.a(lib_a-strcpy.o)
                              tmp/obj/gcc/can_freertos_customization/tasks.o (strcpy)
c:/compiler/gcc-arm-none-eabi-10.3/bin/../lib/gcc/arm-none-eabi/10.3.1/../../../../arm-none-eabi/lib/thumb/v7e-m+fp/hard\libg_nano.a(lib_a-strlen.o)
                              tmp/obj/gcc/can_freertos_customization/tasks.o (strlen)
c:/compiler/gcc-arm-none-eabi-10.3/bin/../lib/gcc/arm-none-eabi/10.3.1/../../../../arm-none-eabi/lib/thumb/v7e-m+fp/hard\libg_nano.a(lib_a-impure.o)
                              c:/compiler/gcc-arm-none-eabi-10.3/bin/../lib/gcc/arm-none-eabi/10.3.1/../../../../arm-none-eabi/lib/thumb/v7e-m+fp/hard\libg_nano.a(lib_a-sprintf.o) (_impure_ptr)
c:/compiler/gcc-arm-none-eabi-10.3/bin/../lib/gcc/arm-none-eabi/10.3.1/../../../../arm-none-eabi/lib/thumb/v7e-m+fp/hard\libg_nano.a(lib_a-nano-svfprintf.o)
                              c:/compiler/gcc-arm-none-eabi-10.3/bin/../lib/gcc/arm-none-eabi/10.3.1/../../../../arm-none-eabi/lib/thumb/v7e-m+fp/hard\libg_nano.a(lib_a-sprintf.o) (_svfprintf_r)
c:/compiler/gcc-arm-none-eabi-10.3/bin/../lib/gcc/arm-none-eabi/10.3.1/../../../../arm-none-eabi/lib/thumb/v7e-m+fp/hard\libg_nano.a(lib_a-nano-vfprintf_i.o)
                              c:/compiler/gcc-arm-none-eabi-10.3/bin/../lib/gcc/arm-none-eabi/10.3.1/../../../../arm-none-eabi/lib/thumb/v7e-m+fp/hard\libg_nano.a(lib_a-nano-svfprintf.o) (_printf_i)
c:/compiler/gcc-arm-none-eabi-10.3/bin/../lib/gcc/arm-none-eabi/10.3.1/../../../../arm-none-eabi/lib/thumb/v7e-m+fp/hard\libg_nano.a(lib_a-memchr.o)
                              c:/compiler/gcc-arm-none-eabi-10.3/bin/../lib/gcc/arm-none-eabi/10.3.1/../../../../arm-none-eabi/lib/thumb/v7e-m+fp/hard\libg_nano.a(lib_a-nano-svfprintf.o) (memchr)
c:/compiler/gcc-arm-none-eabi-10.3/bin/../lib/gcc/arm-none-eabi/10.3.1/../../../../arm-none-eabi/lib/thumb/v7e-m+fp/hard\libg_nano.a(lib_a-memmove.o)
                              c:/compiler/gcc-arm-none-eabi-10.3/bin/../lib/gcc/arm-none-eabi/10.3.1/../../../../arm-none-eabi/lib/thumb/v7e-m+fp/hard\libg_nano.a(lib_a-nano-svfprintf.o) (memmove)
c:/compiler/gcc-arm-none-eabi-10.3/bin/../lib/gcc/arm-none-eabi/10.3.1/../../../../arm-none-eabi/lib/thumb/v7e-m+fp/hard\libg_nano.a(lib_a-nano-freer.o)
                              c:/compiler/gcc-arm-none-eabi-10.3/bin/../lib/gcc/arm-none-eabi/10.3.1/../../../../arm-none-eabi/lib/thumb/v7e-m+fp/hard\libg_nano.a(lib_a-nano-svfprintf.o) (_free_r)
c:/compiler/gcc-arm-none-eabi-10.3/bin/../lib/gcc/arm-none-eabi/10.3.1/../../../../arm-none-eabi/lib/thumb/v7e-m+fp/hard\libg_nano.a(lib_a-nano-mallocr.o)
                              c:/compiler/gcc-arm-none-eabi-10.3/bin/../lib/gcc/arm-none-eabi/10.3.1/../../../../arm-none-eabi/lib/thumb/v7e-m+fp/hard\libg_nano.a(lib_a-nano-svfprintf.o) (_malloc_r)
c:/compiler/gcc-arm-none-eabi-10.3/bin/../lib/gcc/arm-none-eabi/10.3.1/../../../../arm-none-eabi/lib/thumb/v7e-m+fp/hard\libg_nano.a(lib_a-nano-reallocr.o)
                              c:/compiler/gcc-arm-none-eabi-10.3/bin/../lib/gcc/arm-none-eabi/10.3.1/../../../../arm-none-eabi/lib/thumb/v7e-m+fp/hard\libg_nano.a(lib_a-nano-svfprintf.o) (_realloc_r)
c:/compiler/gcc-arm-none-eabi-10.3/bin/../lib/gcc/arm-none-eabi/10.3.1/../../../../arm-none-eabi/lib/thumb/v7e-m+fp/hard\libg_nano.a(lib_a-sbrkr.o)
[...]
Memory Configuration

Name             Origin             Length             Attributes
int_itcm         0x00000000         0x00000000
int_dtcm         0x20000000         0x00010000
int_sram_shareable 0x22c00000         0x00004000
int_sram         0x34000000         0x00400000
int_sram_stack_c0 0x34400000         0x00002000
int_sram_stack_c1 0x34402000         0x00002000
int_sram_stack_c2 0x34404000         0x00002000
int_sram_no_cacheable 0x34500000         0x00100000
ram_rsvd2        0x34600000         0x00000000
LLCE_CAN_SHAREDMEMORY 0x43800000         0x0003c800
LLCE_LIN_SHAREDMEMORY 0x4383c800         0x000000a0
LLCE_BOOT_END    0x4383c8a0         0x00000050
LLCE_MEAS_SHAREDMEMORY 0x4384ffdf         0x00000020
*default*        0x00000000         0xffffffff

Linker script and memory map

LOAD C:\cygwin64\tmp\ccMsMF9r.o
LOAD C:\cygwin64\tmp\ccklK50t.o
LOAD tmp/obj/gcc/can_freertos_customization/nvic.o
LOAD tmp/obj/gcc/can_freertos_customization/exceptions.o
LOAD tmp/obj/gcc/can_freertos_customization/Platform_Init.o
LOAD tmp/obj/gcc/can_freertos_customization/can_common.o
LOAD tmp/obj/gcc/can_freertos_customization/stubs.o
LOAD tmp/obj/gcc/can_freertos_customization/dte.o
LOAD tmp/obj/gcc/can_freertos_customization/frpe.o
LOAD tmp/obj/gcc/can_freertos_customization/ppe_rx.o
LOAD tmp/obj/gcc/can_freertos_customization/ppe_tx.o
LOAD tmp/obj/gcc/can_freertos_customization/Llce_Firmware_Load.o
LOAD tmp/obj/gcc/can_freertos_customization/main.o
LOAD tmp/obj/gcc/can_freertos_customization/TIC12400Drv.o
LOAD tmp/obj/gcc/can_freertos_customization/Can_43_LLCE_AFcfg.o
LOAD tmp/obj/gcc/can_freertos_customization/Can_43_LLCE_Cfg.o
LOAD tmp/obj/gcc/can_freertos_customization/Can_43_LLCE_VS_0_PBcfg.o
LOAD tmp/obj/gcc/can_freertos_customization/Clock_Ip_Cfg.o
LOAD tmp/obj/gcc/can_freertos_customization/Clock_Ip_VS_0_PBcfg.o
LOAD tmp/obj/gcc/can_freertos_customization/Dio_Cfg.o
LOAD tmp/obj/gcc/can_freertos_customization/IntCtrl_Ip_Cfg.o
LOAD tmp/obj/gcc/can_freertos_customization/Mcu_Cfg.o
LOAD tmp/obj/gcc/can_freertos_customization/Mcu_VS_0_PBcfg.o
LOAD tmp/obj/gcc/can_freertos_customization/OsIf_Cfg.o
LOAD tmp/obj/gcc/can_freertos_customization/Platform_Cfg.o
LOAD tmp/obj/gcc/can_freertos_customization/Platform_Ipw_Cfg.o
LOAD tmp/obj/gcc/can_freertos_customization/Port_Cfg.o
LOAD tmp/obj/gcc/can_freertos_customization/Port_VS_0_PBcfg.o
LOAD tmp/obj/gcc/can_freertos_customization/Power_Ip_Cfg.o
LOAD tmp/obj/gcc/can_freertos_customization/Power_Ip_VS_0_PBcfg.o
LOAD tmp/obj/gcc/can_freertos_customization/Ram_Ip_Cfg.o
LOAD tmp/obj/gcc/can_freertos_customization/Ram_Ip_VS_0_PBcfg.o
LOAD tmp/obj/gcc/can_freertos_customization/Siul2_Port_Ip_VS_0_PBcfg.o
LOAD tmp/obj/gcc/can_freertos_customization/Spi_Ip_VS_0_PBcfg.o
LOAD tmp/obj/gcc/can_freertos_customization/Spi_Ipw_VS_0_PBcfg.o
LOAD tmp/obj/gcc/can_freertos_customization/Spi_VS_0_PBcfg.o
LOAD tmp/obj/gcc/can_freertos_customization/OsIf_Interrupts.o
LOAD tmp/obj/gcc/can_freertos_customization/OsIf_Timer.o
LOAD tmp/obj/gcc/can_freertos_customization/OsIf_Timer_System.o
LOAD tmp/obj/gcc/can_freertos_customization/OsIf_Timer_System_Internal_GenericTimer.o
LOAD tmp/obj/gcc/can_freertos_customization/OsIf_Timer_System_Internal_Systick.o
LOAD tmp/obj/gcc/can_freertos_customization/Det.o
LOAD tmp/obj/gcc/can_freertos_customization/Det_stub.o
LOAD tmp/obj/gcc/can_freertos_customization/Dem.o
LOAD tmp/obj/gcc/can_freertos_customization/Dem_stub.o
LOAD tmp/obj/gcc/can_freertos_customization/EcuM.o
LOAD tmp/obj/gcc/can_freertos_customization/Clock_Ip.o
LOAD tmp/obj/gcc/can_freertos_customization/Clock_Ip_Data.o
LOAD tmp/obj/gcc/can_freertos_customization/Clock_Ip_Data1.o
LOAD tmp/obj/gcc/can_freertos_customization/Clock_Ip_Data2.o
LOAD tmp/obj/gcc/can_freertos_customization/Clock_Ip_Divider.o
LOAD tmp/obj/gcc/can_freertos_customization/Clock_Ip_DividerTrigger.o
LOAD tmp/obj/gcc/can_freertos_customization/Clock_Ip_ExtOsc.o
LOAD tmp/obj/gcc/can_freertos_customization/Clock_Ip_FracDiv.o
LOAD tmp/obj/gcc/can_freertos_customization/Clock_Ip_Frequency.o
LOAD tmp/obj/gcc/can_freertos_customization/Clock_Ip_Frequency1.o
LOAD tmp/obj/gcc/can_freertos_customization/Clock_Ip_Frequency2.o
LOAD tmp/obj/gcc/can_freertos_customization/Clock_Ip_Gate.o
LOAD tmp/obj/gcc/can_freertos_customization/Clock_Ip_IntOsc.o
LOAD tmp/obj/gcc/can_freertos_customization/Clock_Ip_Irq.o
LOAD tmp/obj/gcc/can_freertos_customization/Clock_Ip_Monitor.o
LOAD tmp/obj/gcc/can_freertos_customization/Clock_Ip_Pll.o
LOAD tmp/obj/gcc/can_freertos_customization/Clock_Ip_ProgFreqSwitch.o
LOAD tmp/obj/gcc/can_freertos_customization/Clock_Ip_Selector.o
LOAD tmp/obj/gcc/can_freertos_customization/Clock_Ip_Specific.o
LOAD tmp/obj/gcc/can_freertos_customization/Clock_Ip_Specific1.o
LOAD tmp/obj/gcc/can_freertos_customization/Clock_Ip_Specific2.o
LOAD tmp/obj/gcc/can_freertos_customization/Mcu.o
LOAD tmp/obj/gcc/can_freertos_customization/Mcu_Dem_Wrapper.o
LOAD tmp/obj/gcc/can_freertos_customization/Mcu_Ipw.o
LOAD tmp/obj/gcc/can_freertos_customization/Power_Ip.o
LOAD tmp/obj/gcc/can_freertos_customization/Power_Ip_CortexA.o
LOAD tmp/obj/gcc/can_freertos_customization/Power_Ip_CortexM7.o
LOAD tmp/obj/gcc/can_freertos_customization/Power_Ip_MC_ME.o
LOAD tmp/obj/gcc/can_freertos_customization/Power_Ip_MC_RGM.o
LOAD tmp/obj/gcc/can_freertos_customization/Power_Ip_MC_RGM_Irq.o
LOAD tmp/obj/gcc/can_freertos_customization/Power_Ip_MSCM.o
LOAD tmp/obj/gcc/can_freertos_customization/Power_Ip_PMC.o
LOAD tmp/obj/gcc/can_freertos_customization/Power_Ip_Private.o
LOAD tmp/obj/gcc/can_freertos_customization/Ram_Ip.o
LOAD tmp/obj/gcc/can_freertos_customization/Port.o
LOAD tmp/obj/gcc/can_freertos_customization/Port_Ipw.o
LOAD tmp/obj/gcc/can_freertos_customization/Siul2_Port_Ip.o
LOAD tmp/obj/gcc/can_freertos_customization/Dio.o
LOAD tmp/obj/gcc/can_freertos_customization/Dio_Ipw.o
LOAD tmp/obj/gcc/can_freertos_customization/Siul2_Dio_Ip.o
LOAD tmp/obj/gcc/can_freertos_customization/Spi.o
LOAD tmp/obj/gcc/can_freertos_customization/Spi_Ip.o
LOAD tmp/obj/gcc/can_freertos_customization/Spi_Ip_Irq.o
LOAD tmp/obj/gcc/can_freertos_customization/Spi_Ipw.o
LOAD tmp/obj/gcc/can_freertos_customization/SchM_Mcu.o
LOAD tmp/obj/gcc/can_freertos_customization/SchM_Port.o
LOAD tmp/obj/gcc/can_freertos_customization/SchM_Dio.o
LOAD tmp/obj/gcc/can_freertos_customization/SchM_Spi.o
LOAD tmp/obj/gcc/can_freertos_customization/system.o
LOAD tmp/obj/gcc/can_freertos_customization/IntCtrl_Ip.o
LOAD tmp/obj/gcc/can_freertos_customization/Platform.o
LOAD tmp/obj/gcc/can_freertos_customization/Platform_Ipw.o
LOAD tmp/obj/gcc/can_freertos_customization/System_Ip.o
LOAD tmp/obj/gcc/can_freertos_customization/SchM_Can_43_LLCE.o
LOAD tmp/obj/gcc/can_freertos_customization/Can_43_LLCE.o
LOAD tmp/obj/gcc/can_freertos_customization/Can_43_LLCE_IPW.o
LOAD tmp/obj/gcc/can_freertos_customization/Can_43_LLCE_Irq.o
LOAD tmp/obj/gcc/can_freertos_customization/Can_Callback.o
LOAD tmp/obj/gcc/can_freertos_customization/Can_Llce.o
LOAD tmp/obj/gcc/can_freertos_customization/Llce_InterfaceCanConfig.o
LOAD tmp/obj/gcc/can_freertos_customization/Llce_SwFifo.o
LOAD tmp/obj/gcc/can_freertos_customization/croutine.o
LOAD tmp/obj/gcc/can_freertos_customization/event_groups.o
LOAD tmp/obj/gcc/can_freertos_customization/list.o
LOAD tmp/obj/gcc/can_freertos_customization/queue.o
LOAD tmp/obj/gcc/can_freertos_customization/stream_buffer.o
LOAD tmp/obj/gcc/can_freertos_customization/tasks.o
LOAD tmp/obj/gcc/can_freertos_customization/timers.o
LOAD tmp/obj/gcc/can_freertos_customization/port_freertos.o
LOAD tmp/obj/gcc/can_freertos_customization/heap_4.o
LOAD C:\cygwin64\tmp\ccS5tM1S.o
START GROUP
LOAD c:/compiler/gcc-arm-none-eabi-10.3/bin/../lib/gcc/arm-none-eabi/10.3.1/thumb/v7e-m+fp/hard\libgcc.a
LOAD c:/compiler/gcc-arm-none-eabi-10.3/bin/../lib/gcc/arm-none-eabi/10.3.1/../../../../arm-none-eabi/lib/thumb/v7e-m+fp/hard\libg_nano.a
LOAD c:/compiler/gcc-arm-none-eabi-10.3/bin/../lib/gcc/arm-none-eabi/10.3.1/../../../../arm-none-eabi/lib/thumb/v7e-m+fp/hard\libc_nano.a
END GROUP
START GROUP
LOAD c:/compiler/gcc-arm-none-eabi-10.3/bin/../lib/gcc/arm-none-eabi/10.3.1/thumb/v7e-m+fp/hard\libgcc.a
LOAD c:/compiler/gcc-arm-none-eabi-10.3/bin/../lib/gcc/arm-none-eabi/10.3.1/../../../../arm-none-eabi/lib/thumb/v7e-m+fp/hard\libc_nano.a
LOAD c:/compiler/gcc-arm-none-eabi-10.3/bin/../lib/gcc/arm-none-eabi/10.3.1/../../../../arm-none-eabi/lib/thumb/v7e-m+fp/hard\libnosys.a
END GROUP
START GROUP
LOAD c:/compiler/gcc-arm-none-eabi-10.3/bin/../lib/gcc/arm-none-eabi/10.3.1/thumb/v7e-m+fp/hard\libgcc.a
LOAD c:/compiler/gcc-arm-none-eabi-10.3/bin/../lib/gcc/arm-none-eabi/10.3.1/../../../../arm-none-eabi/lib/thumb/v7e-m+fp/hard\libc_nano.a
LOAD c:/compiler/gcc-arm-none-eabi-10.3/bin/../lib/gcc/arm-none-eabi/10.3.1/../../../../arm-none-eabi/lib/thumb/v7e-m+fp/hard\libnosys.a
END GROUP
                0x00003000                HEAP_SIZE = DEFINED (__heap_size__)?__heap_size__:0x3000

.sram           0x34000000    0x75e20
                0x34000000                . = ALIGN (0x4)
 *(.core_loop)
 .core_loop     0x34000000        0xc C:\cygwin64\tmp\ccklK50t.o
                0x34000000                _core_loop
                0x3400000c                . = ALIGN (0x4)
 *(.startup)
 *fill*         0x3400000c        0x4 
 .startup       0x34000010      0x1d0 C:\cygwin64\tmp\ccklK50t.o
                0x34000010                Reset_Handler
                0x34000010                _start
                0x3400016a                MCAL_LTB_TRACE_OFF
                0x3400016c                _end_of_eunit_test
                0x340001e0                . = ALIGN (0x4)
 *(.text.startup)
                0x340001e0                . = ALIGN (0x4)
 *(.text)
 .text          0x340001e0        0x0 C:\cygwin64\tmp\ccMsMF9r.o
 .text          0x340001e0        0x0 C:\cygwin64\tmp\ccklK50t.o
 .text          0x340001e0        0x0 tmp/obj/gcc/can_freertos_customization/nvic.o
 .text          0x340001e0        0x0 tmp/obj/gcc/can_freertos_customization/exceptions.o
 .text          0x340001e0        0x0 tmp/obj/gcc/can_freertos_customization/Platform_Init.o
 .text          0x340001e0        0x0 tmp/obj/gcc/can_freertos_customization/can_common.o
 .text          0x340001e0        0x0 tmp/obj/gcc/can_freertos_customization/stubs.o
 .text          0x340001e0        0x0 tmp/obj/gcc/can_freertos_customization/dte.o
 .text          0x340001e0        0x0 tmp/obj/gcc/can_freertos_customization/frpe.o
 .text          0x340001e0        0x0 tmp/obj/gcc/can_freertos_customization/ppe_rx.o
 .text          0x340001e0        0x0 tmp/obj/gcc/can_freertos_customization/ppe_tx.o
 .text          0x340001e0        0x0 tmp/obj/gcc/can_freertos_customization/Llce_Firmware_Load.o
 .text          0x340001e0        0x0 tmp/obj/gcc/can_freertos_customization/main.o
 .text          0x340001e0        0x0 tmp/obj/gcc/can_freertos_customization/TIC12400Drv.o
 .text          0x340001e0        0x0 tmp/obj/gcc/can_freertos_customization/Can_43_LLCE_AFcfg.o
 .text          0x340001e0        0x0 tmp/obj/gcc/can_freertos_customization/Can_43_LLCE_Cfg.o
 .text          0x340001e0        0x0 tmp/obj/gcc/can_freertos_customization/Can_43_LLCE_VS_0_PBcfg.o
 .text          0x340001e0        0x0 tmp/obj/gcc/can_freertos_customization/Clock_Ip_Cfg.o
 .text          0x340001e0        0x0 tmp/obj/gcc/can_freertos_customization/Clock_Ip_VS_0_PBcfg.o
 .text          0x340001e0        0x0 tmp/obj/gcc/can_freertos_customization/Dio_Cfg.o
 .text          0x340001e0        0x0 tmp/obj/gcc/can_freertos_customization/IntCtrl_Ip_Cfg.o
 .text          0x340001e0        0x0 tmp/obj/gcc/can_freertos_customization/Mcu_Cfg.o
 .text          0x340001e0        0x0 tmp/obj/gcc/can_freertos_customization/Mcu_VS_0_PBcfg.o
 .text          0x340001e0        0x0 tmp/obj/gcc/can_freertos_customization/OsIf_Cfg.o
 .text          0x340001e0        0x0 tmp/obj/gcc/can_freertos_customization/Platform_Cfg.o
 .text          0x340001e0        0x0 tmp/obj/gcc/can_freertos_customization/Platform_Ipw_Cfg.o
 .text          0x340001e0        0x0 tmp/obj/gcc/can_freertos_customization/Port_Cfg.o
 .text          0x340001e0        0x0 tmp/obj/gcc/can_freertos_customization/Port_VS_0_PBcfg.o
 .text          0x340001e0        0x0 tmp/obj/gcc/can_freertos_customization/Power_Ip_Cfg.o
 .text          0x340001e0        0x0 tmp/obj/gcc/can_freertos_customization/Power_Ip_VS_0_PBcfg.o
 .text          0x340001e0        0x0 tmp/obj/gcc/can_freertos_customization/Ram_Ip_Cfg.o
 .text          0x340001e0        0x0 tmp/obj/gcc/can_freertos_customization/Ram_Ip_VS_0_PBcfg.o
 .text          0x340001e0        0x0 tmp/obj/gcc/can_freertos_customization/Siul2_Port_Ip_VS_0_PBcfg.o
 .text          0x340001e0        0x0 tmp/obj/gcc/can_freertos_customization/Spi_Ip_VS_0_PBcfg.o
 .text          0x340001e0        0x0 tmp/obj/gcc/can_freertos_customization/Spi_Ipw_VS_0_PBcfg.o
 .text          0x340001e0        0x0 tmp/obj/gcc/can_freertos_customization/Spi_VS_0_PBcfg.o
 .text          0x340001e0        0x0 tmp/obj/gcc/can_freertos_customization/OsIf_Interrupts.o
 .text          0x340001e0        0x0 tmp/obj/gcc/can_freertos_customization/OsIf_Timer.o
 .text          0x340001e0        0x0 tmp/obj/gcc/can_freertos_customization/OsIf_Timer_System.o
 .text          0x340001e0        0x0 tmp/obj/gcc/can_freertos_customization/OsIf_Timer_System_Internal_GenericTimer.o
 .text          0x340001e0        0x0 tmp/obj/gcc/can_freertos_customization/OsIf_Timer_System_Internal_Systick.o
 .text          0x340001e0        0x0 tmp/obj/gcc/can_freertos_customization/Det.o
 .text          0x340001e0        0x0 tmp/obj/gcc/can_freertos_customization/Det_stub.o
 .text          0x340001e0        0x0 tmp/obj/gcc/can_freertos_customization/Dem.o
 .text          0x340001e0        0x0 tmp/obj/gcc/can_freertos_customization/Dem_stub.o
 .text          0x340001e0        0x0 tmp/obj/gcc/can_freertos_customization/EcuM.o
 .text          0x340001e0        0x0 tmp/obj/gcc/can_freertos_customization/Clock_Ip.o
 .text          0x340001e0        0x0 tmp/obj/gcc/can_freertos_customization/Clock_Ip_Data.o
 .text          0x340001e0        0x0 tmp/obj/gcc/can_freertos_customization/Clock_Ip_Data1.o
 .text          0x340001e0        0x0 tmp/obj/gcc/can_freertos_customization/Clock_Ip_Data2.o
 .text          0x340001e0        0x0 tmp/obj/gcc/can_freertos_customization/Clock_Ip_Divider.o
 .text          0x340001e0        0x0 tmp/obj/gcc/can_freertos_customization/Clock_Ip_DividerTrigger.o
 .text          0x340001e0        0x0 tmp/obj/gcc/can_freertos_customization/Clock_Ip_ExtOsc.o
 .text          0x340001e0        0x0 tmp/obj/gcc/can_freertos_customization/Clock_Ip_FracDiv.o
 .text          0x340001e0        0x0 tmp/obj/gcc/can_freertos_customization/Clock_Ip_Frequency.o
 .text          0x340001e0        0x0 tmp/obj/gcc/can_freertos_customization/Clock_Ip_Frequency1.o
 .text          0x340001e0        0x0 tmp/obj/gcc/can_freertos_customization/Clock_Ip_Frequency2.o
 .text          0x340001e0        0x0 tmp/obj/gcc/can_freertos_customization/Clock_Ip_Gate.o
 .text          0x340001e0        0x0 tmp/obj/gcc/can_freertos_customization/Clock_Ip_IntOsc.o
 .text          0x340001e0        0x0 tmp/obj/gcc/can_freertos_customization/Clock_Ip_Irq.o
 .text          0x340001e0        0x0 tmp/obj/gcc/can_freertos_customization/Clock_Ip_Monitor.o
 .text          0x340001e0        0x0 tmp/obj/gcc/can_freertos_customization/Clock_Ip_Pll.o
 .text          0x340001e0        0x0 tmp/obj/gcc/can_freertos_customization/Clock_Ip_ProgFreqSwitch.o
 .text          0x340001e0        0x0 tmp/obj/gcc/can_freertos_customization/Clock_Ip_Selector.o
 .text          0x340001e0        0x0 tmp/obj/gcc/can_freertos_customization/Clock_Ip_Specific.o
 .text          0x340001e0        0x0 tmp/obj/gcc/can_freertos_customization/Clock_Ip_Specific1.o
 .text          0x340001e0        0x0 tmp/obj/gcc/can_freertos_customization/Clock_Ip_Specific2.o
 .text          0x340001e0        0x0 tmp/obj/gcc/can_freertos_customization/Mcu.o
 .text          0x340001e0        0x0 tmp/obj/gcc/can_freertos_customization/Mcu_Dem_Wrapper.o
 .text          0x340001e0        0x0 tmp/obj/gcc/can_freertos_customization/Mcu_Ipw.o
 .text          0x340001e0        0x0 tmp/obj/gcc/can_freertos_customization/Power_Ip.o
 .text          0x340001e0        0x0 tmp/obj/gcc/can_freertos_customization/Power_Ip_CortexA.o
 .text          0x340001e0        0x0 tmp/obj/gcc/can_freertos_customization/Power_Ip_CortexM7.o
 .text          0x340001e0        0x0 tmp/obj/gcc/can_freertos_customization/Power_Ip_MC_ME.o
 .text          0x340001e0        0x0 tmp/obj/gcc/can_freertos_customization/Power_Ip_MC_RGM.o
 .text          0x340001e0        0x0 tmp/obj/gcc/can_freertos_customization/Power_Ip_MC_RGM_Irq.o
 .text          0x340001e0        0x0 tmp/obj/gcc/can_freertos_customization/Power_Ip_MSCM.o
 .text          0x340001e0        0x0 tmp/obj/gcc/can_freertos_customization/Power_Ip_PMC.o
 .text          0x340001e0        0x0 tmp/obj/gcc/can_freertos_customization/Power_Ip_Private.o
 .text          0x340001e0        0x0 tmp/obj/gcc/can_freertos_customization/Ram_Ip.o
 .text          0x340001e0        0x0 tmp/obj/gcc/can_freertos_customization/Port.o
 .text          0x340001e0        0x0 tmp/obj/gcc/can_freertos_customization/Port_Ipw.o
 .text          0x340001e0        0x0 tmp/obj/gcc/can_freertos_customization/Siul2_Port_Ip.o
 .text          0x340001e0        0x0 tmp/obj/gcc/can_freertos_customization/Dio.o
 .text          0x340001e0        0x0 tmp/obj/gcc/can_freertos_customization/Dio_Ipw.o
 .text          0x340001e0        0x0 tmp/obj/gcc/can_freertos_customization/Siul2_Dio_Ip.o
 .text          0x340001e0        0x0 tmp/obj/gcc/can_freertos_customization/Spi.o
 .text          0x340001e0        0x0 tmp/obj/gcc/can_freertos_customization/Spi_Ip.o
 .text          0x340001e0        0x0 tmp/obj/gcc/can_freertos_customization/Spi_Ip_Irq.o
 .text          0x340001e0        0x0 tmp/obj/gcc/can_freertos_customization/Spi_Ipw.o
 .text          0x340001e0        0x0 tmp/obj/gcc/can_freertos_customization/SchM_Mcu.o
 .text          0x340001e0        0x0 tmp/obj/gcc/can_freertos_customization/SchM_Port.o
 .text          0x340001e0        0x0 tmp/obj/gcc/can_freertos_customization/SchM_Dio.o
 .text          0x340001e0        0x0 tmp/obj/gcc/can_freertos_customization/SchM_Spi.o
 .text          0x340001e0        0x0 tmp/obj/gcc/can_freertos_customization/system.o
 .text          0x340001e0        0x0 tmp/obj/gcc/can_freertos_customization/IntCtrl_Ip.o
 .text          0x340001e0        0x0 tmp/obj/gcc/can_freertos_customization/Platform.o
 .text          0x340001e0        0x0 tmp/obj/gcc/can_freertos_customization/Platform_Ipw.o
 .text          0x340001e0        0x0 tmp/obj/gcc/can_freertos_customization/System_Ip.o
 .text          0x340001e0        0x0 tmp/obj/gcc/can_freertos_customization/SchM_Can_43_LLCE.o
 .text          0x340001e0        0x0 tmp/obj/gcc/can_freertos_customization/Can_43_LLCE.o
 .text          0x340001e0        0x0 tmp/obj/gcc/can_freertos_customization/Can_43_LLCE_IPW.o
 .text          0x340001e0        0x0 tmp/obj/gcc/can_freertos_customization/Can_43_LLCE_Irq.o
 .text          0x340001e0        0x0 tmp/obj/gcc/can_freertos_customization/Can_Callback.o
 .text          0x340001e0        0x0 tmp/obj/gcc/can_freertos_customization/Can_Llce.o
 .text          0x340001e0        0x0 tmp/obj/gcc/can_freertos_customization/Llce_InterfaceCanConfig.o
 .text          0x340001e0        0x0 tmp/obj/gcc/can_freertos_customization/Llce_SwFifo.o
 .text          0x340001e0        0x0 tmp/obj/gcc/can_freertos_customization/croutine.o
 .text          0x340001e0        0x0 tmp/obj/gcc/can_freertos_customization/event_groups.o
 .text          0x340001e0        0x0 tmp/obj/gcc/can_freertos_customization/list.o
 .text          0x340001e0        0x0 tmp/obj/gcc/can_freertos_customization/queue.o
 .text          0x340001e0        0x0 tmp/obj/gcc/can_freertos_customization/stream_buffer.o
 .text          0x340001e0        0x0 tmp/obj/gcc/can_freertos_customization/tasks.o
 .text          0x340001e0        0x0 tmp/obj/gcc/can_freertos_customization/timers.o
 .text          0x340001e0        0x0 tmp/obj/gcc/can_freertos_customization/port_freertos.o
 .text          0x340001e0        0x0 tmp/obj/gcc/can_freertos_customization/heap_4.o
 .text          0x340001e0        0x0 C:\cygwin64\tmp\ccS5tM1S.o
 .text          0x340001e0       0x30 c:/compiler/gcc-arm-none-eabi-10.3/bin/../lib/gcc/arm-none-eabi/10.3.1/thumb/v7e-m+fp/hard\libgcc.a(_aeabi_uldivmod.o)
                0x340001e0                __aeabi_uldivmod
 .text          0x34000210      0x2d0 c:/compiler/gcc-arm-none-eabi-10.3/bin/../lib/gcc/arm-none-eabi/10.3.1/thumb/v7e-m+fp/hard\libgcc.a(_udivmoddi4.o)
                0x34000210                __udivmoddi4
 .text          0x340004e0        0x4 c:/compiler/gcc-arm-none-eabi-10.3/bin/../lib/gcc/arm-none-eabi/10.3.1/thumb/v7e-m+fp/hard\libgcc.a(_dvmd_tls.o)
                0x340004e0                __aeabi_idiv0
                0x340004e0                __aeabi_ldiv0
 .text          0x340004e4        0x0 c:/compiler/gcc-arm-none-eabi-10.3/bin/../lib/gcc/arm-none-eabi/10.3.1/../../../../arm-none-eabi/lib/thumb/v7e-m+fp/hard\libg_nano.a(lib_a-memcpy-stub.o)
 .text          0x340004e4        0x0 c:/compiler/gcc-arm-none-eabi-10.3/bin/../lib/gcc/arm-none-eabi/10.3.1/../../../../arm-none-eabi/lib/thumb/v7e-m+fp/hard\libg_nano.a(lib_a-memset.o)
 .text          0x340004e4        0x0 c:/compiler/gcc-arm-none-eabi-10.3/bin/../lib/gcc/arm-none-eabi/10.3.1/../../../../arm-none-eabi/lib/thumb/v7e-m+fp/hard\libg_nano.a(lib_a-sprintf.o)
 .text          0x340004e4        0x0 c:/compiler/gcc-arm-none-eabi-10.3/bin/../lib/gcc/arm-none-eabi/10.3.1/../../../../arm-none-eabi/lib/thumb/v7e-m+fp/hard\libg_nano.a(lib_a-strcpy.o)
 .text          0x340004e4       0x10 c:/compiler/gcc-arm-none-eabi-10.3/bin/../lib/gcc/arm-none-eabi/10.3.1/../../../../arm-none-eabi/lib/thumb/v7e-m+fp/hard\libg_nano.a(lib_a-strlen.o)
                0x340004e4                strlen
 .text          0x340004f4        0x0 c:/compiler/gcc-arm-none-eabi-10.3/bin/../lib/gcc/arm-none-eabi/10.3.1/../../../../arm-none-eabi/lib/thumb/v7e-m+fp/hard\libg_nano.a(lib_a-impure.o)
 .text          0x340004f4        0x0 c:/compiler/gcc-arm-none-eabi-10.3/bin/../lib/gcc/arm-none-eabi/10.3.1/../../../../arm-none-eabi/lib/thumb/v7e-m+fp/hard\libg_nano.a(lib_a-nano-svfprintf.o)
 .text          0x340004f4        0x0 c:/compiler/gcc-arm-none-eabi-10.3/bin/../lib/gcc/arm-none-eabi/10.3.1/../../../../arm-none-eabi/lib/thumb/v7e-m+fp/hard\libg_nano.a(lib_a-nano-vfprintf_i.o)
 *fill*         0x340004f4        0xc 
 .text          0x34000500       0xa0 c:/compiler/gcc-arm-none-eabi-10.3/bin/../lib/gcc/arm-none-eabi/10.3.1/../../../../arm-none-eabi/lib/thumb/v7e-m+fp/hard\libg_nano.a(lib_a-memchr.o)
                0x34000500                memchr
 .text          0x340005a0        0x0 c:/compiler/gcc-arm-none-eabi-10.3/bin/../lib/gcc/arm-none-eabi/10.3.1/../../../../arm-none-eabi/lib/thumb/v7e-m+fp/hard\libg_nano.a(lib_a-memmove.o)
 .text          0x340005a0        0x0 c:/compiler/gcc-arm-none-eabi-10.3/bin/../lib/gcc/arm-none-eabi/10.3.1/../../../../arm-none-eabi/lib/thumb/v7e-m+fp/hard\libg_nano.a(lib_a-nano-freer.o)
 .text          0x340005a0        0x0 c:/compiler/gcc-arm-none-eabi-10.3/bin/../lib/gcc/arm-none-eabi/10.3.1/../../../../arm-none-eabi/lib/thumb/v7e-m+fp/hard\libg_nano.a(lib_a-nano-mallocr.o)
 .text          0x340005a0        0x0 c:/compiler/gcc-arm-none-eabi-10.3/bin/../lib/gcc/arm-none-eabi/10.3.1/../../../../arm-none-eabi/lib/thumb/v7e-m+fp/hard\libg_nano.a(lib_a-nano-reallocr.o)
 .text          0x340005a0        0x0 c:/compiler/gcc-arm-none-eabi-10.3/bin/../lib/gcc/arm-none-eabi/10.3.1/../../../../arm-none-eabi/lib/thumb/v7e-m+fp/hard\libg_nano.a(lib_a-sbrkr.o)
 .text          0x340005a0        0x0 c:/compiler/gcc-arm-none-eabi-10.3/bin/../lib/gcc/arm-none-eabi/10.3.1/../../../../arm-none-eabi/lib/thumb/v7e-m+fp/hard\libg_nano.a(lib_a-mlock.o)
 .text          0x340005a0        0x0 c:/compiler/gcc-arm-none-eabi-10.3/bin/../lib/gcc/arm-none-eabi/10.3.1/../../../../arm-none-eabi/lib/thumb/v7e-m+fp/hard\libg_nano.a(lib_a-nano-msizer.o)
 .text          0x340005a0        0x0 c:/compiler/gcc-arm-none-eabi-10.3/bin/../lib/gcc/arm-none-eabi/10.3.1/../../../../arm-none-eabi/lib/thumb/v7e-m+fp/hard\libg_nano.a(lib_a-reent.o)
 .text          0x340005a0        0x0 c:/compiler/gcc-arm-none-eabi-10.3/bin/../lib/gcc/arm-none-eabi/10.3.1/../../../../arm-none-eabi/lib/thumb/v7e-m+fp/hard\libg_nano.a(lib_a-lock.o)
 .text          0x340005a0        0x0 c:/compiler/gcc-arm-none-eabi-10.3/bin/../lib/gcc/arm-none-eabi/10.3.1/../../../../arm-none-eabi/lib/thumb/v7e-m+fp/hard\libnosys.a(sbrk.o)
 *(.text*)
 .text.NVIC_SetPriorityGrouping
                0x340005a0       0x2c tmp/obj/gcc/can_freertos_customization/nvic.o
                0x340005a0                NVIC_SetPriorityGrouping
 .text.NVIC_EnableIRQ
                0x340005cc       0x34 tmp/obj/gcc/can_freertos_customization/nvic.o
                0x340005cc                NVIC_EnableIRQ
 .text.NVIC_DisableIRQ
                0x34000600       0x34 tmp/obj/gcc/can_freertos_customization/nvic.o
                0x34000600                NVIC_DisableIRQ
 .text.NVIC_SetPriority
                0x34000634       0x38 tmp/obj/gcc/can_freertos_customization/nvic.o
                0x34000634                NVIC_SetPriority
 .text.NMI_Handler
                0x3400066c        0x6 tmp/obj/gcc/can_freertos_customization/exceptions.o
                0x3400066c                NMI_Handler
 .text.HardFault_Handler
                0x34000672        0x6 tmp/obj/gcc/can_freertos_customization/exceptions.o
                0x34000672                HardFault_Handler
 .text.MemManage_Handler
                0x34000678        0x6 tmp/obj/gcc/can_freertos_customization/exceptions.o
                0x34000678                MemManage_Handler
 .text.BusFault_Handler
                0x3400067e        0x6 tmp/obj/gcc/can_freertos_customization/exceptions.o
                0x3400067e                BusFault_Handler
 .text.UsageFault_Handler
                0x34000684        0x6 tmp/obj/gcc/can_freertos_customization/exceptions.o
                0x34000684                UsageFault_Handler
 .text.SVC_Handler
                0x3400068a        0x6 tmp/obj/gcc/can_freertos_customization/exceptions.o
 .text.DebugMon_Handler
                0x34000690        0x6 tmp/obj/gcc/can_freertos_customization/exceptions.o
                0x34000690                DebugMon_Handler
 .text.PendSV_Handler
                0x34000696        0x6 tmp/obj/gcc/can_freertos_customization/exceptions.o
 .text.SysTick_Handler
                0x3400069c        0x6 tmp/obj/gcc/can_freertos_customization/exceptions.o
 .text.undefined_handler
                0x340006a2        0x6 tmp/obj/gcc/can_freertos_customization/exceptions.o
                0x340006a2                undefined_handler
 .text.Reg_Bit_Set32
                0x340006a8       0x22 tmp/obj/gcc/can_freertos_customization/Platform_Init.o
 .text.PlatformInit
                0x340006ca       0x40 tmp/obj/gcc/can_freertos_customization/Platform_Init.o
                0x340006ca                PlatformInit
 *fill*         0x3400070a        0x2 
 .text.Can_Enable_Timestamp
                0x3400070c       0x20 tmp/obj/gcc/can_freertos_customization/Platform_Init.o
 .text.Circular_Permutation
                0x3400072c       0x54 tmp/obj/gcc/can_freertos_customization/can_common.o
                0x3400072c                Circular_Permutation
 .text.Check_Status
                0x34000780       0xc8 tmp/obj/gcc/can_freertos_customization/can_common.o
                0x34000780                Check_Status
 .text.Can_CallBackSetUp
                0x34000848       0x38 tmp/obj/gcc/can_freertos_customization/stubs.o
                0x34000848                Can_CallBackSetUp
 .text.CanIf_RxIndication
                0x34000880       0xa4 tmp/obj/gcc/can_freertos_customization/stubs.o
                0x34000880                CanIf_RxIndication
 .text.CanIf_ControllerBusOff
                0x34000924       0x28 tmp/obj/gcc/can_freertos_customization/stubs.o
                0x34000924                CanIf_ControllerBusOff
 .text.CanIf_ControllerModeIndication
                0x3400094c       0x1c tmp/obj/gcc/can_freertos_customization/stubs.o
                0x3400094c                CanIf_ControllerModeIndication
 .text.CanIf_TxConfirmation
                0x34000968       0x44 tmp/obj/gcc/can_freertos_customization/stubs.o
                0x34000968                CanIf_TxConfirmation
 .text.RxTimestampNotification
                0x340009ac       0x18 tmp/obj/gcc/can_freertos_customization/stubs.o
                0x340009ac                RxTimestampNotification
 .text.TxTimestampNotification
                0x340009c4       0x1c tmp/obj/gcc/can_freertos_customization/stubs.o
                0x340009c4                TxTimestampNotification
 .text.CanErrorNotification
                0x340009e0       0x1c tmp/obj/gcc/can_freertos_customization/stubs.o
                0x340009e0                CanErrorNotification
 .text.CanWriteCustomCallback
                0x340009fc       0x1c tmp/obj/gcc/can_freertos_customization/stubs.o
                0x340009fc                CanWriteCustomCallback
 .text.CanTxConfirmationCustomCallback
                0x34000a18       0x1c tmp/obj/gcc/can_freertos_customization/stubs.o
                0x34000a18                CanTxConfirmationCustomCallback
 .text.Can_43_LLCE_RxCustomCallback
                0x34000a34       0x3c tmp/obj/gcc/can_freertos_customization/stubs.o
                0x34000a34                Can_43_LLCE_RxCustomCallback
 .text.Reg_Write32
                0x34000a70       0x1c tmp/obj/gcc/can_freertos_customization/Llce_Firmware_Load.o
 .text.Llce_Firmware_Load
                0x34000a8c      0x188 tmp/obj/gcc/can_freertos_customization/Llce_Firmware_Load.o
                0x34000a8c                Llce_Firmware_Load
 .text.Llce_Firmware_Load_GetBootStatus
                0x34000c14       0x88 tmp/obj/gcc/can_freertos_customization/Llce_Firmware_Load.o
                0x34000c14                Llce_Firmware_Load_GetBootStatus
 .text.Can_43_LLCE_GetCurrentConfig
                0x34000c9c       0x18 tmp/obj/gcc/can_freertos_customization/main.o
 .text.TestDelay
                0x34000cb4       0x34 tmp/obj/gcc/can_freertos_customization/main.o
                0x34000cb4                TestDelay
 .text.TIC12400Drv_Spi_TxRx
                0x34000ce8       0x5c tmp/obj/gcc/can_freertos_customization/main.o
                0x34000ce8                TIC12400Drv_Spi_TxRx
 .text.SpiOddParityPadding32Bits
                0x34000d44       0x62 tmp/obj/gcc/can_freertos_customization/main.o
                0x34000d44                SpiOddParityPadding32Bits
 .text.TIC12400Drv_SpiReadMode
                0x34000da6       0x6e tmp/obj/gcc/can_freertos_customization/main.o
                0x34000da6                TIC12400Drv_SpiReadMode
 .text.TIC12400Drv_ReadRegister
                0x34000e14       0x58 tmp/obj/gcc/can_freertos_customization/main.o
                0x34000e14                TIC12400Drv_ReadRegister
 .text.TIC12400Drv_ReadAllCtrlReg
                0x34000e6c       0x32 tmp/obj/gcc/can_freertos_customization/main.o
                0x34000e6c                TIC12400Drv_ReadAllCtrlReg
 .text.IoDrv_on
                0x34000e9e       0x2c tmp/obj/gcc/can_freertos_customization/main.o
                0x34000e9e                IoDrv_on
 *fill*         0x34000eca        0x2 
 .text.Task1_Function
                0x34000ecc       0x70 tmp/obj/gcc/can_freertos_customization/main.o
                0x34000ecc                Task1_Function
 .text.Task2_Function
                0x34000f3c       0x94 tmp/obj/gcc/can_freertos_customization/main.o
                0x34000f3c                Task2_Function
 .text.Task3_Function
                0x34000fd0       0x24 tmp/obj/gcc/can_freertos_customization/main.o
                0x34000fd0                Task3_Function
 .text.MonitorTask_Function
                0x34000ff4       0x38 tmp/obj/gcc/can_freertos_customization/main.o
                0x34000ff4                MonitorTask_Function
 .text.main     0x3400102c      0x130 tmp/obj/gcc/can_freertos_customization/main.o
                0x3400102c                main
 .text.OsIf_Timer_Dummy_GetCounter
                0x3400115c       0x10 tmp/obj/gcc/can_freertos_customization/OsIf_Timer.o
 .text.OsIf_Timer_Dummy_GetElapsed
                0x3400116c       0x16 tmp/obj/gcc/can_freertos_customization/OsIf_Timer.o
 .text.OsIf_Timer_Dummy_SetTimerFrequency
                0x34001182       0x14 tmp/obj/gcc/can_freertos_customization/OsIf_Timer.o
 .text.OsIf_Timer_Dummy_MicrosToTicks
                0x34001196       0x16 tmp/obj/gcc/can_freertos_customization/OsIf_Timer.o
 .text.OsIf_Init
                0x340011ac       0x14 tmp/obj/gcc/can_freertos_customization/OsIf_Timer.o
                0x340011ac                OsIf_Init
 .text.OsIf_GetCounter
                0x340011c0       0x34 tmp/obj/gcc/can_freertos_customization/OsIf_Timer.o
                0x340011c0                OsIf_GetCounter
 .text.OsIf_GetElapsed
                0x340011f4       0x3a tmp/obj/gcc/can_freertos_customization/OsIf_Timer.o
                0x340011f4                OsIf_GetElapsed
 .text.OsIf_SetTimerFrequency
                0x3400122e       0x30 tmp/obj/gcc/can_freertos_customization/OsIf_Timer.o
                0x3400122e                OsIf_SetTimerFrequency
 .text.OsIf_MicrosToTicks
                0x3400125e       0x3a tmp/obj/gcc/can_freertos_customization/OsIf_Timer.o
                0x3400125e                OsIf_MicrosToTicks
 .text.OsIf_Timer_System_Init
                0x34001298       0x3c tmp/obj/gcc/can_freertos_customization/OsIf_Timer_System.o
                0x34001298                OsIf_Timer_System_Init
 .text.OsIf_Timer_System_GetCounter
                0x340012d4       0x1e tmp/obj/gcc/can_freertos_customization/OsIf_Timer_System.o
                0x340012d4                OsIf_Timer_System_GetCounter
 .text.OsIf_Timer_System_GetElapsed
                0x340012f2       0x22 tmp/obj/gcc/can_freertos_customization/OsIf_Timer_System.o
                0x340012f2                OsIf_Timer_System_GetElapsed
 .text.OsIf_Timer_System_SetTimerFrequency
                0x34001314       0x28 tmp/obj/gcc/can_freertos_customization/OsIf_Timer_System.o
                0x34001314                OsIf_Timer_System_SetTimerFrequency
 .text.OsIf_Timer_System_MicrosToTicks
                0x3400133c       0x70 tmp/obj/gcc/can_freertos_customization/OsIf_Timer_System.o
                0x3400133c                OsIf_Timer_System_MicrosToTicks
 .text.OsIf_Timer_System_Internal_Init
                0x340013ac       0x34 tmp/obj/gcc/can_freertos_customization/OsIf_Timer_System_Internal_Systick.o
                0x340013ac                OsIf_Timer_System_Internal_Init
 .text.OsIf_Timer_System_Internal_GetCounter
                0x340013e0       0x1c tmp/obj/gcc/can_freertos_customization/OsIf_Timer_System_Internal_Systick.o
                0x340013e0                OsIf_Timer_System_Internal_GetCounter
 .text.OsIf_Timer_System_Internal_GetElapsed
                0x340013fc       0x54 tmp/obj/gcc/can_freertos_customization/OsIf_Timer_System_Internal_Systick.o
                0x340013fc                OsIf_Timer_System_Internal_GetElapsed
 .text.Det_Init
                0x34001450        0xe tmp/obj/gcc/can_freertos_customization/Det.o
                0x34001450                Det_Init
 *fill*         0x3400145e        0x2 
 .text.Det_ReportError
                0x34001460       0x68 tmp/obj/gcc/can_freertos_customization/Det.o
                0x34001460                Det_ReportError
 .text.Det_ReportRuntimeError
                0x340014c8       0x68 tmp/obj/gcc/can_freertos_customization/Det.o
                0x340014c8                Det_ReportRuntimeError
 .text.Det_ReportTransientFault
                0x34001530       0x68 tmp/obj/gcc/can_freertos_customization/Det.o
                0x34001530                Det_ReportTransientFault
 .text.Det_Start
                0x34001598        0xe tmp/obj/gcc/can_freertos_customization/Det.o
                0x34001598                Det_Start
 *fill*         0x340015a6        0x2 
 .text.Det_TestLastReportError
                0x340015a8       0xb4 tmp/obj/gcc/can_freertos_customization/Det_stub.o
                0x340015a8                Det_TestLastReportError
 .text.Det_TestLastReportRuntimeError
                0x3400165c       0xb4 tmp/obj/gcc/can_freertos_customization/Det_stub.o
                0x3400165c                Det_TestLastReportRuntimeError
 .text.Det_TestLastReportTransientFault
                0x34001710       0xb4 tmp/obj/gcc/can_freertos_customization/Det_stub.o
                0x34001710                Det_TestLastReportTransientFault
 .text.Det_TestNoError
                0x340017c4       0xac tmp/obj/gcc/can_freertos_customization/Det_stub.o
                0x340017c4                Det_TestNoError
 .text.Det_TestNoRuntimeError
                0x34001870       0xac tmp/obj/gcc/can_freertos_customization/Det_stub.o
                0x34001870                Det_TestNoRuntimeError
 .text.Det_TestNoTransientFault
                0x3400191c       0xac tmp/obj/gcc/can_freertos_customization/Det_stub.o
                0x3400191c                Det_TestNoTransientFault
 .text.Dem_SetEventStatus
                0x340019c8       0xd4 tmp/obj/gcc/can_freertos_customization/Dem.o
                0x340019c8                Dem_SetEventStatus
 .text.Dem_ReportErrorStatusPreExtData
                0x34001a9c      0x124 tmp/obj/gcc/can_freertos_customization/Dem.o
                0x34001a9c                Dem_ReportErrorStatusPreExtData
 .text.Dem_TestLastReportErrorStatus
                0x34001bc0      0x100 tmp/obj/gcc/can_freertos_customization/Dem_stub.o
                0x34001bc0                Dem_TestLastReportErrorStatus
 .text.Dem_TestNoError
                0x34001cc0       0x7c tmp/obj/gcc/can_freertos_customization/Dem_stub.o
                0x34001cc0                Dem_TestNoError
 .text.Dem_TestLastReportErrorStatusPreExtData
                0x34001d3c      0x174 tmp/obj/gcc/can_freertos_customization/Dem_stub.o
                0x34001d3c                Dem_TestLastReportErrorStatusPreExtData
 .text.Dem_ClearEvents
                0x34001eb0       0x24 tmp/obj/gcc/can_freertos_customization/Dem_stub.o
                0x34001eb0                Dem_ClearEvents
 .text.Dem_GetEvent
                0x34001ed4       0x70 tmp/obj/gcc/can_freertos_customization/Dem_stub.o
                0x34001ed4                Dem_GetEvent
 .text.Dem_GetEventCount
                0x34001f44       0x24 tmp/obj/gcc/can_freertos_customization/Dem_stub.o
                0x34001f44                Dem_GetEventCount
 .text.Dem_BufferOverflow
                0x34001f68       0x2c tmp/obj/gcc/can_freertos_customization/Dem_stub.o
                0x34001f68                Dem_BufferOverflow
 .text.EcuM_SetWakeupEvent
                0x34001f94       0x20 tmp/obj/gcc/can_freertos_customization/EcuM.o
                0x34001f94                EcuM_SetWakeupEvent
 .text.EcuM_ValidateWakeupEvent
                0x34001fb4       0x14 tmp/obj/gcc/can_freertos_customization/EcuM.o
                0x34001fb4                EcuM_ValidateWakeupEvent
 .text.EcuM_CheckWakeup
                0x34001fc8       0x14 tmp/obj/gcc/can_freertos_customization/EcuM.o
                0x34001fc8                EcuM_CheckWakeup
 .text.Clock_Ip_NotificatonsEmptyCallback
                0x34001fdc       0x1c tmp/obj/gcc/can_freertos_customization/Clock_Ip.o
 .text.Clock_Ip_UpdateDriverContext
                0x34001ff8       0x2c tmp/obj/gcc/can_freertos_customization/Clock_Ip.o
 .text.Clock_Ip_CallEmptyCallbacks
                0x34002024       0xcc tmp/obj/gcc/can_freertos_customization/Clock_Ip.o
 .text.Clock_Ip_ResetClockConfiguration
                0x340020f0      0x1c4 tmp/obj/gcc/can_freertos_customization/Clock_Ip.o
 .text.Clock_Ip_Init
                0x340022b4       0x44 tmp/obj/gcc/can_freertos_customization/Clock_Ip.o
                0x340022b4                Clock_Ip_Init
 .text.Clock_Ip_InitClock
                0x340022f8      0x6d0 tmp/obj/gcc/can_freertos_customization/Clock_Ip.o
                0x340022f8                Clock_Ip_InitClock
 .text.Clock_Ip_GetPllStatus
                0x340029c8      0x100 tmp/obj/gcc/can_freertos_customization/Clock_Ip.o
                0x340029c8                Clock_Ip_GetPllStatus
 .text.Clock_Ip_DistributePll
                0x34002ac8      0x194 tmp/obj/gcc/can_freertos_customization/Clock_Ip.o
                0x34002ac8                Clock_Ip_DistributePll
 .text.Clock_Ip_DisableClockMonitor
                0x34002c5c       0x50 tmp/obj/gcc/can_freertos_customization/Clock_Ip.o
                0x34002c5c                Clock_Ip_DisableClockMonitor
 .text.Clock_Ip_GetClockMonitorStatus
                0x34002cac       0x50 tmp/obj/gcc/can_freertos_customization/Clock_Ip.o
                0x34002cac                Clock_Ip_GetClockMonitorStatus
 .text.Clock_Ip_ClearClockMonitorStatus
                0x34002cfc       0x50 tmp/obj/gcc/can_freertos_customization/Clock_Ip.o
                0x34002cfc                Clock_Ip_ClearClockMonitorStatus
 .text.Clock_Ip_InstallNotificationsCallback
                0x34002d4c       0x20 tmp/obj/gcc/can_freertos_customization/Clock_Ip.o
                0x34002d4c                Clock_Ip_InstallNotificationsCallback
 .text.Clock_Ip_DisableModuleClock
                0x34002d6c       0x48 tmp/obj/gcc/can_freertos_customization/Clock_Ip.o
                0x34002d6c                Clock_Ip_DisableModuleClock
 .text.Clock_Ip_EnableModuleClock
                0x34002db4       0x48 tmp/obj/gcc/can_freertos_customization/Clock_Ip.o
                0x34002db4                Clock_Ip_EnableModuleClock
 .text.Clock_Ip_ReportClockErrors
                0x34002dfc       0x28 tmp/obj/gcc/can_freertos_customization/Clock_Ip.o
                0x34002dfc                Clock_Ip_ReportClockErrors
 .text.Clock_Ip_StartTimeout
                0x34002e24       0x36 tmp/obj/gcc/can_freertos_customization/Clock_Ip.o
                0x34002e24                Clock_Ip_StartTimeout
 .text.Clock_Ip_TimeoutExpired
                0x34002e5a       0x38 tmp/obj/gcc/can_freertos_customization/Clock_Ip.o
                0x34002e5a                Clock_Ip_TimeoutExpired
 *fill*         0x34002e92        0x2 
 .text.Clock_Ip_GetConfiguredFrequencyValue
                0x34002e94       0x68 tmp/obj/gcc/can_freertos_customization/Clock_Ip.o
                0x34002e94                Clock_Ip_GetConfiguredFrequencyValue
 .text.Clock_Ip_Callback_DividerEmpty
                0x34002efc       0x14 tmp/obj/gcc/can_freertos_customization/Clock_Ip_Divider.o
 .text.Clock_Ip_SetCgmXDeDivStatWithoutPhase
                0x34002f10      0x1f0 tmp/obj/gcc/can_freertos_customization/Clock_Ip_Divider.o
 .text.Clock_Ip_SetCgmXDeDivWithoutPhase
                0x34003100      0x178 tmp/obj/gcc/can_freertos_customization/Clock_Ip_Divider.o
 .text.Clock_Ip_SetPlldigPll0divDeDivOutput
                0x34003278       0xb8 tmp/obj/gcc/can_freertos_customization/Clock_Ip_Divider.o
 .text.Clock_Ip_Callback_DividerTriggerEmpty
                0x34003330       0x14 tmp/obj/gcc/can_freertos_customization/Clock_Ip_DividerTrigger.o
 .text.Clock_Ip_ExternalOscillatorEmpty
                0x34003344       0x14 tmp/obj/gcc/can_freertos_customization/Clock_Ip_ExtOsc.o
 .text.Clock_Ip_DisableClockIpExternalOscillatorEmpty
                0x34003358       0x16 tmp/obj/gcc/can_freertos_customization/Clock_Ip_ExtOsc.o
 *fill*         0x3400336e        0x2 
 .text.Clock_Ip_ResetFxoscOsconBypEocvGmSel
                0x34003370       0x48 tmp/obj/gcc/can_freertos_customization/Clock_Ip_ExtOsc.o
 .text.Clock_Ip_SetFxoscOsconBypEocvGmSel
                0x340033b8       0x70 tmp/obj/gcc/can_freertos_customization/Clock_Ip_ExtOsc.o
 .text.Clock_Ip_CompleteFxoscOsconBypEocvGmSel
                0x34003428       0xb4 tmp/obj/gcc/can_freertos_customization/Clock_Ip_ExtOsc.o
 .text.Clock_Ip_DisableFxoscOsconBypEocvGmSel
                0x340034dc       0x48 tmp/obj/gcc/can_freertos_customization/Clock_Ip_ExtOsc.o
 .text.Clock_Ip_EnableFxoscOsconBypEocvGmSel
                0x34003524       0x50 tmp/obj/gcc/can_freertos_customization/Clock_Ip_ExtOsc.o
 .text.Clock_Ip_CallbackFracDivEmpty
                0x34003574       0x14 tmp/obj/gcc/can_freertos_customization/Clock_Ip_FracDiv.o
 .text.Clock_Ip_CallbackFracDivEmptyComplete
                0x34003588       0x18 tmp/obj/gcc/can_freertos_customization/Clock_Ip_FracDiv.o
 .text.Clock_Ip_ResetDfsMfiMfn
                0x340035a0       0x64 tmp/obj/gcc/can_freertos_customization/Clock_Ip_FracDiv.o
 .text.Clock_Ip_SetDfsMfiMfn
                0x34003604       0xac tmp/obj/gcc/can_freertos_customization/Clock_Ip_FracDiv.o
 .text.Clock_Ip_CompleteDfsMfiMfn
                0x340036b0       0xdc tmp/obj/gcc/can_freertos_customization/Clock_Ip_FracDiv.o
 .text.Clock_Ip_ClockSetGateEmpty
                0x3400378c       0x14 tmp/obj/gcc/can_freertos_customization/Clock_Ip_Gate.o
 .text.Clock_Ip_ClockUpdateGateEmpty
                0x340037a0       0x1c tmp/obj/gcc/can_freertos_customization/Clock_Ip_Gate.o
 .text.Clock_Ip_ClockSetGateMcMePartitionCollectionClockRequest
                0x340037bc      0x200 tmp/obj/gcc/can_freertos_customization/Clock_Ip_Gate.o
 .text.Clock_Ip_ClockUpdateGateMcMePartitionCollectionClockRequest
                0x340039bc       0x36 tmp/obj/gcc/can_freertos_customization/Clock_Ip_Gate.o
 .text.Clock_Ip_InternalOscillatorEmpty
                0x340039f2       0x14 tmp/obj/gcc/can_freertos_customization/Clock_Ip_IntOsc.o
 .text.Clock_Ip_InternalOscillatorEmpty_Disable
                0x34003a06       0x16 tmp/obj/gcc/can_freertos_customization/Clock_Ip_IntOsc.o
 .text.Mcu_Cmu_ClockFail_IRQHandler
                0x34003a1c        0xc tmp/obj/gcc/can_freertos_customization/Clock_Ip_Irq.o
                0x34003a1c                Mcu_Cmu_ClockFail_IRQHandler
 .text.Clock_Ip_ClockMonitorEmpty
                0x34003a28       0x14 tmp/obj/gcc/can_freertos_customization/Clock_Ip_Monitor.o
 .text.Clock_Ip_ClockMonitorEmpty_Disable
                0x34003a3c       0x16 tmp/obj/gcc/can_freertos_customization/Clock_Ip_Monitor.o
 .text.Clock_Ip_ClockMonitorEmpty_ClearStatus
                0x34003a52       0x16 tmp/obj/gcc/can_freertos_customization/Clock_Ip_Monitor.o
 .text.Clock_Ip_ClockMonitorEmpty_GetStatus
                0x34003a68       0x18 tmp/obj/gcc/can_freertos_customization/Clock_Ip_Monitor.o
 .text.Clock_Ip_DisableCmuFcFceRefCntLfrefHfref
                0x34003a80       0xe4 tmp/obj/gcc/can_freertos_customization/Clock_Ip_Monitor.o
 .text.Clock_Ip_ResetCmuFcFceRefCntLfrefHfref
                0x34003b64       0x1a tmp/obj/gcc/can_freertos_customization/Clock_Ip_Monitor.o
 *fill*         0x34003b7e        0x2 
 .text.Clock_Ip_SetCmuFcFceRefCntLfrefHfref
                0x34003b80      0x278 tmp/obj/gcc/can_freertos_customization/Clock_Ip_Monitor.o
 .text.Clock_Ip_ClearStatusCmuFcFceRefCntLfrefHfref
                0x34003df8       0x4c tmp/obj/gcc/can_freertos_customization/Clock_Ip_Monitor.o
 .text.Clock_Ip_GetStatusCmuFcFceRefCntLfrefHfref
                0x34003e44       0x90 tmp/obj/gcc/can_freertos_customization/Clock_Ip_Monitor.o
 .text.Clock_Ip_EnableCmuFcFceRefCntLfrefHfref
                0x34003ed4       0x60 tmp/obj/gcc/can_freertos_customization/Clock_Ip_Monitor.o
 .text.Clock_Ip_CMU_GetInterruptStatus
                0x34003f34       0x2c tmp/obj/gcc/can_freertos_customization/Clock_Ip_Monitor.o
                0x34003f34                Clock_Ip_CMU_GetInterruptStatus
 .text.Clock_Ip_CMU_ClockFailInt
                0x34003f60       0x90 tmp/obj/gcc/can_freertos_customization/Clock_Ip_Monitor.o
                0x34003f60                Clock_Ip_CMU_ClockFailInt
 .text.Clock_Ip_CallbackPllEmpty
                0x34003ff0       0x14 tmp/obj/gcc/can_freertos_customization/Clock_Ip_Pll.o
 .text.Clock_Ip_CallbackPllEmptyComplete
                0x34004004       0x18 tmp/obj/gcc/can_freertos_customization/Clock_Ip_Pll.o
 .text.Clock_Ip_CallbackPllEmptyDisable
                0x3400401c       0x16 tmp/obj/gcc/can_freertos_customization/Clock_Ip_Pll.o
 *fill*         0x34004032        0x2 
 .text.Clock_Ip_ResetPlldigRdivMfiMfnSdmenSsscgbypSpreadctlStepnoStepsize
                0x34004034       0x48 tmp/obj/gcc/can_freertos_customization/Clock_Ip_Pll.o
 .text.Clock_Ip_SetPlldigRdivMfiMfnSdmenSsscgbypSpreadctlStepnoStepsize
                0x3400407c       0xf0 tmp/obj/gcc/can_freertos_customization/Clock_Ip_Pll.o
 .text.Clock_Ip_CompletePlldigRdivMfiMfnSdmenSsscgbypSpreadctlStepnoStepsize
                0x3400416c       0xa0 tmp/obj/gcc/can_freertos_customization/Clock_Ip_Pll.o
 .text.Clock_Ip_EnablePlldigRdivMfiMfnSdmenSsscgbypSpreadctlStepnoStepsize
                0x3400420c       0x50 tmp/obj/gcc/can_freertos_customization/Clock_Ip_Pll.o
 .text.Clock_Ip_ResetPlldigRdivMfiMfnSdmen
                0x3400425c       0x48 tmp/obj/gcc/can_freertos_customization/Clock_Ip_Pll.o
 .text.Clock_Ip_SetPlldigRdivMfiMfnSdmen
                0x340042a4       0xac tmp/obj/gcc/can_freertos_customization/Clock_Ip_Pll.o
 .text.Clock_Ip_CompletePlldigRdivMfiMfnSdmen
                0x34004350       0xa0 tmp/obj/gcc/can_freertos_customization/Clock_Ip_Pll.o
 .text.Clock_Ip_EnablePlldigRdivMfiMfnSdmen
                0x340043f0       0x50 tmp/obj/gcc/can_freertos_customization/Clock_Ip_Pll.o
 .text.Clock_Ip_ProgressiveFrequencyClockSwitchEmpty
                0x34004440       0x14 tmp/obj/gcc/can_freertos_customization/Clock_Ip_ProgFreqSwitch.o
 .text.Clock_Ip_CgmXPcfsSdurDivcDiveDivs
                0x34004454      0x298 tmp/obj/gcc/can_freertos_customization/Clock_Ip_ProgFreqSwitch.o
 .text.Clock_Ip_CallbackSelectorEmpty
                0x340046ec       0x14 tmp/obj/gcc/can_freertos_customization/Clock_Ip_Selector.o
 .text.Clock_Ip_ResetCgmXCscCssClkswSwip
                0x34004700       0xc4 tmp/obj/gcc/can_freertos_customization/Clock_Ip_Selector.o
 .text.Clock_Ip_SetCgmXCscCssClkswSwip
                0x340047c4      0x27c tmp/obj/gcc/can_freertos_customization/Clock_Ip_Selector.o
 .text.Clock_Ip_ResetCgmXCscCssClkswRampupRampdownSwip
                0x34004a40       0xc4 tmp/obj/gcc/can_freertos_customization/Clock_Ip_Selector.o
 .text.Clock_Ip_SetCgmXCscCssClkswRampupRampdownSwip
                0x34004b04      0x27c tmp/obj/gcc/can_freertos_customization/Clock_Ip_Selector.o
 .text.Clock_Ip_ResetCgmXCscCssCsGrip
                0x34004d80       0x14 tmp/obj/gcc/can_freertos_customization/Clock_Ip_Selector.o
 .text.Clock_Ip_SetCgmXCscCssCsGrip
                0x34004d94      0x230 tmp/obj/gcc/can_freertos_customization/Clock_Ip_Selector.o
 .text.Clock_Ip_ResetGenctrl1Ctrl
                0x34004fc4       0x16 tmp/obj/gcc/can_freertos_customization/Clock_Ip_Selector.o
 .text.Clock_Ip_SetGenctrl1Ctrl
                0x34004fda       0x16 tmp/obj/gcc/can_freertos_customization/Clock_Ip_Selector.o
 .text.Clock_Ip_SetRtcRtccClksel
                0x34004ff0       0x16 tmp/obj/gcc/can_freertos_customization/Clock_Ip_Selector.o
 *fill*         0x34005006        0x2 
 .text.Clock_Ip_ConfigureResetGenCtrl1
                0x34005008       0x4c tmp/obj/gcc/can_freertos_customization/Clock_Ip_Selector.o
                0x34005008                Clock_Ip_ConfigureResetGenCtrl1
 .text.Clock_Ip_ConfigureSetGenCtrl1
                0x34005054       0x7c tmp/obj/gcc/can_freertos_customization/Clock_Ip_Selector.o
                0x34005054                Clock_Ip_ConfigureSetGenCtrl1
 .text.Clock_Ip_SetRtcRtccClksel_TrustedCall
                0x340050d0       0x4c tmp/obj/gcc/can_freertos_customization/Clock_Ip_Selector.o
                0x340050d0                Clock_Ip_SetRtcRtccClksel_TrustedCall
 .text.Clock_Ip_PowerClockIpModules
                0x3400511c      0x1d4 tmp/obj/gcc/can_freertos_customization/Clock_Ip_Specific.o
 .text.Clock_Ip_McMeEnterKey
                0x340052f0       0x24 tmp/obj/gcc/can_freertos_customization/Clock_Ip_Specific.o
                0x340052f0                Clock_Ip_McMeEnterKey
 .text.Clock_Ip_SpecificPeripheralClockInitialization
                0x34005314       0x14 tmp/obj/gcc/can_freertos_customization/Clock_Ip_Specific.o
                0x34005314                Clock_Ip_SpecificPeripheralClockInitialization
 .text.Clock_Ip_SpecificPlatformInitClock
                0x34005328      0x230 tmp/obj/gcc/can_freertos_customization/Clock_Ip_Specific.o
                0x34005328                Clock_Ip_SpecificPlatformInitClock
 .text.Clock_Ip_ClockInitializeObjects
                0x34005558        0xe tmp/obj/gcc/can_freertos_customization/Clock_Ip_Specific.o
                0x34005558                Clock_Ip_ClockInitializeObjects
 .text.Clock_Ip_ClockPowerModeChangeNotification
                0x34005566       0x1c tmp/obj/gcc/can_freertos_customization/Clock_Ip_Specific.o
                0x34005566                Clock_Ip_ClockPowerModeChangeNotification
 *fill*         0x34005582        0x2 
 .text.Mcu_Init
                0x34005584       0x94 tmp/obj/gcc/can_freertos_customization/Mcu.o
                0x34005584                Mcu_Init
 .text.Mcu_InitRamSection
                0x34005618       0x1a tmp/obj/gcc/can_freertos_customization/Mcu.o
                0x34005618                Mcu_InitRamSection
 *fill*         0x34005632        0x2 
 .text.Mcu_InitClock
                0x34005634       0x40 tmp/obj/gcc/can_freertos_customization/Mcu.o
                0x34005634                Mcu_InitClock
 .text.Mcu_SetMode
                0x34005674       0x38 tmp/obj/gcc/can_freertos_customization/Mcu.o
                0x34005674                Mcu_SetMode
 .text.Mcu_DistributePllClock
                0x340056ac       0x1c tmp/obj/gcc/can_freertos_customization/Mcu.o
                0x340056ac                Mcu_DistributePllClock
 .text.Mcu_GetPllStatus
                0x340056c8       0x18 tmp/obj/gcc/can_freertos_customization/Mcu.o
                0x340056c8                Mcu_GetPllStatus
 .text.Mcu_GetResetReason
                0x340056e0       0x18 tmp/obj/gcc/can_freertos_customization/Mcu.o
                0x340056e0                Mcu_GetResetReason
 .text.Mcu_GetResetRawValue
                0x340056f8       0x16 tmp/obj/gcc/can_freertos_customization/Mcu.o
                0x340056f8                Mcu_GetResetRawValue
 .text.Mcu_SleepOnExit
                0x3400570e       0x1a tmp/obj/gcc/can_freertos_customization/Mcu.o
                0x3400570e                Mcu_SleepOnExit
 .text.Mcu_Ipw_Init
                0x34005728       0x16 tmp/obj/gcc/can_freertos_customization/Mcu_Ipw.o
                0x34005728                Mcu_Ipw_Init
 .text.Mcu_Ipw_InitClock
                0x3400573e       0x16 tmp/obj/gcc/can_freertos_customization/Mcu_Ipw.o
                0x3400573e                Mcu_Ipw_InitClock
 .text.Mcu_Ipw_DistributePllClock
                0x34005754        0xc tmp/obj/gcc/can_freertos_customization/Mcu_Ipw.o
                0x34005754                Mcu_Ipw_DistributePllClock
 .text.Mcu_Ipw_GetPllStatus
                0x34005760       0x32 tmp/obj/gcc/can_freertos_customization/Mcu_Ipw.o
                0x34005760                Mcu_Ipw_GetPllStatus
 .text.Mcu_Ipw_SetMode
                0x34005792       0x16 tmp/obj/gcc/can_freertos_customization/Mcu_Ipw.o
                0x34005792                Mcu_Ipw_SetMode
 .text.Mcu_Ipw_GetResetReason
                0x340057a8       0x1c tmp/obj/gcc/can_freertos_customization/Mcu_Ipw.o
                0x340057a8                Mcu_Ipw_GetResetReason
 .text.Mcu_Ipw_GetResetRawValue
                0x340057c4       0x16 tmp/obj/gcc/can_freertos_customization/Mcu_Ipw.o
                0x340057c4                Mcu_Ipw_GetResetRawValue
 .text.Mcu_Ipw_SleepOnExit
                0x340057da       0x22 tmp/obj/gcc/can_freertos_customization/Mcu_Ipw.o
                0x340057da                Mcu_Ipw_SleepOnExit
 .text.Power_Ip_ConfigPartCoreCofbReset
                0x340057fc       0x24 tmp/obj/gcc/can_freertos_customization/Power_Ip.o
 .text.Power_Ip_OnOffPartCoreCofb
                0x34005820       0x5c tmp/obj/gcc/can_freertos_customization/Power_Ip.o
 .text.Power_Ip_SetMode
                0x3400587c       0x4e tmp/obj/gcc/can_freertos_customization/Power_Ip.o
                0x3400587c                Power_Ip_SetMode
 .text.Power_Ip_GetResetReason
                0x340058ca       0x1c tmp/obj/gcc/can_freertos_customization/Power_Ip.o
                0x340058ca                Power_Ip_GetResetReason
 .text.Power_Ip_GetResetRawValue
                0x340058e6       0x16 tmp/obj/gcc/can_freertos_customization/Power_Ip.o
                0x340058e6                Power_Ip_GetResetRawValue
 .text.Power_Ip_Init
                0x340058fc       0x24 tmp/obj/gcc/can_freertos_customization/Power_Ip.o
                0x340058fc                Power_Ip_Init
 .text.Power_Ip_InstallNotificationsCallback
                0x34005920       0x20 tmp/obj/gcc/can_freertos_customization/Power_Ip.o
                0x34005920                Power_Ip_InstallNotificationsCallback
 .text.Power_Ip_CM7_DisableSleepOnExit
                0x34005940       0x22 tmp/obj/gcc/can_freertos_customization/Power_Ip_CortexM7.o
                0x34005940                Power_Ip_CM7_DisableSleepOnExit
 .text.Power_Ip_CM7_EnableSleepOnExit
                0x34005962       0x22 tmp/obj/gcc/can_freertos_customization/Power_Ip_CortexM7.o
                0x34005962                Power_Ip_CM7_EnableSleepOnExit
 .text.Power_Ip_CortexM_WarmReset
                0x34005984       0x24 tmp/obj/gcc/can_freertos_customization/Power_Ip_CortexM7.o
                0x34005984                Power_Ip_CortexM_WarmReset
 .text.Power_Ip_CM7_DisableDeepSleep
                0x340059a8       0x22 tmp/obj/gcc/can_freertos_customization/Power_Ip_CortexM7.o
                0x340059a8                Power_Ip_CM7_DisableDeepSleep
 .text.Power_Ip_CM7_EnableDeepSleep
                0x340059ca       0x22 tmp/obj/gcc/can_freertos_customization/Power_Ip_CortexM7.o
                0x340059ca                Power_Ip_CM7_EnableDeepSleep
 .text.Power_Ip_MC_ME_WriteControlKeys
                0x340059ec       0x28 tmp/obj/gcc/can_freertos_customization/Power_Ip_MC_ME.o
 .text.Power_Ip_MC_ME_TriggerModeUpdate
                0x34005a14       0x18 tmp/obj/gcc/can_freertos_customization/Power_Ip_MC_ME.o
 .text.Power_Ip_MC_ME_TriggerPartitionUpdate
                0x34005a2c       0x58 tmp/obj/gcc/can_freertos_customization/Power_Ip_MC_ME.o
 .text.Power_Ip_MC_ME_TriggerCofbUpdate
                0x34005a84       0x54 tmp/obj/gcc/can_freertos_customization/Power_Ip_MC_ME.o
 .text.Power_Ip_MC_ME_TriggerCoreUpdate
                0x34005ad8       0x64 tmp/obj/gcc/can_freertos_customization/Power_Ip_MC_ME.o
 .text.Power_Ip_MC_ME_ConfigurePartitionClock
                0x34005b3c       0xdc tmp/obj/gcc/can_freertos_customization/Power_Ip_MC_ME.o
 .text.Power_Ip_MC_ME_ConfigurePartitionOutputSafe
                0x34005c18       0xdc tmp/obj/gcc/can_freertos_customization/Power_Ip_MC_ME.o
 .text.Power_Ip_MC_ME_ConfigureCOFB
                0x34005cf4       0xb4 tmp/obj/gcc/can_freertos_customization/Power_Ip_MC_ME.o
 .text.Power_Ip_MC_ME_ConfigureCore
                0x34005da8      0x140 tmp/obj/gcc/can_freertos_customization/Power_Ip_MC_ME.o
 .text.Power_Ip_MC_ME_ConfigureCorePartition1
                0x34005ee8       0xc0 tmp/obj/gcc/can_freertos_customization/Power_Ip_MC_ME.o
 .text.Power_Ip_MC_ME_ConfigCoreCOFBClock
                0x34005fa8      0x124 tmp/obj/gcc/can_freertos_customization/Power_Ip_MC_ME.o
                0x34005fa8                Power_Ip_MC_ME_ConfigCoreCOFBClock
 .text.Power_Ip_MC_ME_EnablePartitionClock
                0x340060cc       0x5c tmp/obj/gcc/can_freertos_customization/Power_Ip_MC_ME.o
                0x340060cc                Power_Ip_MC_ME_EnablePartitionClock
 .text.Power_Ip_MC_ME_DisablePartitionClock
                0x34006128       0x5c tmp/obj/gcc/can_freertos_customization/Power_Ip_MC_ME.o
                0x34006128                Power_Ip_MC_ME_DisablePartitionClock
 .text.Power_Ip_MC_ME_EnablePartitionOutputSafe
                0x34006184       0x5c tmp/obj/gcc/can_freertos_customization/Power_Ip_MC_ME.o
                0x34006184                Power_Ip_MC_ME_EnablePartitionOutputSafe
 .text.Power_Ip_MC_ME_DisablePartitionOutputSafe
                0x340061e0       0x5c tmp/obj/gcc/can_freertos_customization/Power_Ip_MC_ME.o
                0x340061e0                Power_Ip_MC_ME_DisablePartitionOutputSafe
 .text.Power_Ip_MC_ME_SocTriggerResetEvent
                0x3400623c       0x38 tmp/obj/gcc/can_freertos_customization/Power_Ip_MC_ME.o
                0x3400623c                Power_Ip_MC_ME_SocTriggerResetEvent
 .text.Power_Ip_MC_RGM_ClearFesResetFlags
                0x34006274       0x84 tmp/obj/gcc/can_freertos_customization/Power_Ip_MC_RGM.o
 .text.Power_Ip_MC_RGM_ClearDesResetFlags
                0x340062f8       0x84 tmp/obj/gcc/can_freertos_customization/Power_Ip_MC_RGM.o
 .text.Power_Ip_MC_RGM_ReleaseDomainReset
                0x3400637c       0x38 tmp/obj/gcc/can_freertos_customization/Power_Ip_MC_RGM.o
 .text.Power_Ip_MC_RGM_AssertDomainReset
                0x340063b4       0x38 tmp/obj/gcc/can_freertos_customization/Power_Ip_MC_RGM.o
 .text.Power_Ip_MC_RGM_ConfigureResetDomainController
                0x340063ec       0xfc tmp/obj/gcc/can_freertos_customization/Power_Ip_MC_RGM.o
 .text.Power_Ip_MC_RGM_ConfigureCOFB
                0x340064e8       0x70 tmp/obj/gcc/can_freertos_customization/Power_Ip_MC_RGM.o
 .text.Power_Ip_MC_RGM_CheckConfigureCOFB
                0x34006558       0x94 tmp/obj/gcc/can_freertos_customization/Power_Ip_MC_RGM.o
 .text.Power_Ip_MC_RGM_ConfigureCore
                0x340065ec       0x60 tmp/obj/gcc/can_freertos_customization/Power_Ip_MC_RGM.o
 .text.Power_Ip_MC_RGM_CheckConfigureCore
                0x3400664c       0x88 tmp/obj/gcc/can_freertos_customization/Power_Ip_MC_RGM.o
 .text.Power_Ip_MC_RGM_ResetInit
                0x340066d4       0x70 tmp/obj/gcc/can_freertos_customization/Power_Ip_MC_RGM.o
                0x340066d4                Power_Ip_MC_RGM_ResetInit
 .text.Power_Ip_MC_RGM_ModeConfig
                0x34006744       0xd2 tmp/obj/gcc/can_freertos_customization/Power_Ip_MC_RGM.o
                0x34006744                Power_Ip_MC_RGM_ModeConfig
 .text.Power_Ip_MC_RGM_CheckModeConfig
                0x34006816       0xd2 tmp/obj/gcc/can_freertos_customization/Power_Ip_MC_RGM.o
                0x34006816                Power_Ip_MC_RGM_CheckModeConfig
 .text.Power_Ip_MC_RGM_EnableResetDomain
                0x340068e8       0x6e tmp/obj/gcc/can_freertos_customization/Power_Ip_MC_RGM.o
                0x340068e8                Power_Ip_MC_RGM_EnableResetDomain
 .text.Power_Ip_MC_RGM_DisableResetDomain
                0x34006956       0x6e tmp/obj/gcc/can_freertos_customization/Power_Ip_MC_RGM.o
                0x34006956                Power_Ip_MC_RGM_DisableResetDomain
 .text.Power_Ip_MC_RGM_CheckResetReason
                0x340069c4       0x9c tmp/obj/gcc/can_freertos_customization/Power_Ip_MC_RGM.o
 .text.Power_Ip_MC_RGM_GetResetReason
                0x34006a60       0xa4 tmp/obj/gcc/can_freertos_customization/Power_Ip_MC_RGM.o
                0x34006a60                Power_Ip_MC_RGM_GetResetReason
 .text.Power_Ip_MC_RGM_GetResetRawValue
                0x34006b04      0x110 tmp/obj/gcc/can_freertos_customization/Power_Ip_MC_RGM.o
                0x34006b04                Power_Ip_MC_RGM_GetResetRawValue
 .text.Power_Ip_MSCM_GetPersonality
                0x34006c14       0x44 tmp/obj/gcc/can_freertos_customization/Power_Ip_MSCM.o
                0x34006c14                Power_Ip_MSCM_GetPersonality
 .text.Power_Ip_PMC_PowerInit
                0x34006c58       0x20 tmp/obj/gcc/can_freertos_customization/Power_Ip_PMC.o
                0x34006c58                Power_Ip_PMC_PowerInit
 .text.Power_Ip_ReportPowerErrors
                0x34006c78       0x28 tmp/obj/gcc/can_freertos_customization/Power_Ip_Private.o
                0x34006c78                Power_Ip_ReportPowerErrors
 .text.Power_Ip_ReportPowerErrorsEmptyCallback
                0x34006ca0       0x1c tmp/obj/gcc/can_freertos_customization/Power_Ip_Private.o
                0x34006ca0                Power_Ip_ReportPowerErrorsEmptyCallback
 .text.Power_Ip_StartTimeout
                0x34006cbc       0x36 tmp/obj/gcc/can_freertos_customization/Power_Ip_Private.o
                0x34006cbc                Power_Ip_StartTimeout
 .text.Power_Ip_TimeoutExpired
                0x34006cf2       0x38 tmp/obj/gcc/can_freertos_customization/Power_Ip_Private.o
                0x34006cf2                Power_Ip_TimeoutExpired
 *fill*         0x34006d2a        0x2 
 .text.Ram_Ip_InitRamSection
                0x34006d2c      0x1ac tmp/obj/gcc/can_freertos_customization/Ram_Ip.o
                0x34006d2c                Ram_Ip_InitRamSection
 .text.Port_Init
                0x34006ed8       0x2c tmp/obj/gcc/can_freertos_customization/Port.o
                0x34006ed8                Port_Init
 .text.Port_SetPinDirection
                0x34006f04       0x28 tmp/obj/gcc/can_freertos_customization/Port.o
                0x34006f04                Port_SetPinDirection
 .text.Port_SetPinMode
                0x34006f2c       0x28 tmp/obj/gcc/can_freertos_customization/Port.o
                0x34006f2c                Port_SetPinMode
 .text.Port_RefreshPortDirection
                0x34006f54       0x18 tmp/obj/gcc/can_freertos_customization/Port.o
                0x34006f54                Port_RefreshPortDirection
 .text.Port_GetVersionInfo
                0x34006f6c       0x32 tmp/obj/gcc/can_freertos_customization/Port.o
                0x34006f6c                Port_GetVersionInfo
 *fill*         0x34006f9e        0x2 
 .text.Port_Ipw_Init_UnusedPins
                0x34006fa0       0x9c tmp/obj/gcc/can_freertos_customization/Port_Ipw.o
 .text.Port_Ipw_GetIndexForInoutEntry
                0x3400703c       0x78 tmp/obj/gcc/can_freertos_customization/Port_Ipw.o
 .text.Port_Ipw_SetMode
                0x340070b4       0xc8 tmp/obj/gcc/can_freertos_customization/Port_Ipw.o
 .text.Port_Ipw_SetInoutMode
                0x3400717c       0xc8 tmp/obj/gcc/can_freertos_customization/Port_Ipw.o
 .text.Port_Ipw_SetInputMode
                0x34007244       0xd4 tmp/obj/gcc/can_freertos_customization/Port_Ipw.o
 .text.Port_Ipw_SetGpioMode
                0x34007318       0xbc tmp/obj/gcc/can_freertos_customization/Port_Ipw.o
 .text.Port_Ipw_SetOnlyInputMode
                0x340073d4       0x64 tmp/obj/gcc/can_freertos_customization/Port_Ipw.o
 .text.Port_Ipw_SetAltMode
                0x34007438       0x68 tmp/obj/gcc/can_freertos_customization/Port_Ipw.o
 .text.Port_Ipw_Init
                0x340074a0       0xa0 tmp/obj/gcc/can_freertos_customization/Port_Ipw.o
                0x340074a0                Port_Ipw_Init
 .text.Port_Ipw_SetPinDirection
                0x34007540       0xd4 tmp/obj/gcc/can_freertos_customization/Port_Ipw.o
                0x34007540                Port_Ipw_SetPinDirection
 .text.Port_Ipw_SetPinMode
                0x34007614       0xac tmp/obj/gcc/can_freertos_customization/Port_Ipw.o
                0x34007614                Port_Ipw_SetPinMode
 .text.Port_Ipw_SetGpioPadOutput
                0x340076c0       0x78 tmp/obj/gcc/can_freertos_customization/Port_Ipw.o
                0x340076c0                Port_Ipw_SetGpioPadOutput
 .text.Port_Ipw_RefreshPortDirection
                0x34007738      0x100 tmp/obj/gcc/can_freertos_customization/Port_Ipw.o
                0x34007738                Port_Ipw_RefreshPortDirection
 .text.Siul2_Port_Ip_PinInit
                0x34007838      0x118 tmp/obj/gcc/can_freertos_customization/Siul2_Port_Ip.o
 .text.Siul2_Port_Ip_WriteIMCRConfiguration
                0x34007950       0x94 tmp/obj/gcc/can_freertos_customization/Siul2_Port_Ip.o
 .text.Siul2_Port_Ip_GetMSCRConfiguration
                0x340079e4       0xd0 tmp/obj/gcc/can_freertos_customization/Siul2_Port_Ip.o
 .text.Siul2_Port_Ip_Init
                0x34007ab4       0x54 tmp/obj/gcc/can_freertos_customization/Siul2_Port_Ip.o
                0x34007ab4                Siul2_Port_Ip_Init
 .text.Siul2_Port_Ip_SetPullSel
                0x34007b08       0xa8 tmp/obj/gcc/can_freertos_customization/Siul2_Port_Ip.o
                0x34007b08                Siul2_Port_Ip_SetPullSel
 .text.Siul2_Port_Ip_SetOutputBuffer
                0x34007bb0       0x8a tmp/obj/gcc/can_freertos_customization/Siul2_Port_Ip.o
                0x34007bb0                Siul2_Port_Ip_SetOutputBuffer
 *fill*         0x34007c3a        0x2 
 .text.Siul2_Port_Ip_SetInputBuffer
                0x34007c3c       0xcc tmp/obj/gcc/can_freertos_customization/Siul2_Port_Ip.o
                0x34007c3c                Siul2_Port_Ip_SetInputBuffer
 .text.Siul2_Port_Ip_SetPinDirection
                0x34007d08       0xc0 tmp/obj/gcc/can_freertos_customization/Siul2_Port_Ip.o
                0x34007d08                Siul2_Port_Ip_SetPinDirection
 .text.Siul2_Port_Ip_RevertPinConfiguration
                0x34007dc8       0xb4 tmp/obj/gcc/can_freertos_customization/Siul2_Port_Ip.o
                0x34007dc8                Siul2_Port_Ip_RevertPinConfiguration
 .text.Siul2_Port_Ip_GetPinConfiguration
                0x34007e7c      0x144 tmp/obj/gcc/can_freertos_customization/Siul2_Port_Ip.o
                0x34007e7c                Siul2_Port_Ip_GetPinConfiguration
 .text.Dio_ReadChannel
                0x34007fc0       0x24 tmp/obj/gcc/can_freertos_customization/Dio.o
                0x34007fc0                Dio_ReadChannel
 .text.Dio_WriteChannel
                0x34007fe4       0x24 tmp/obj/gcc/can_freertos_customization/Dio.o
                0x34007fe4                Dio_WriteChannel
 .text.Dio_ReadPort
                0x34008008       0x24 tmp/obj/gcc/can_freertos_customization/Dio.o
                0x34008008                Dio_ReadPort
 .text.Dio_WritePort
                0x3400802c       0x24 tmp/obj/gcc/can_freertos_customization/Dio.o
                0x3400802c                Dio_WritePort
 .text.Dio_ReadChannelGroup
                0x34008050       0x20 tmp/obj/gcc/can_freertos_customization/Dio.o
                0x34008050                Dio_ReadChannelGroup
 .text.Dio_WriteChannelGroup
                0x34008070       0x1e tmp/obj/gcc/can_freertos_customization/Dio.o
                0x34008070                Dio_WriteChannelGroup
 .text.Dio_Ipw_ReverseBits
                0x3400808e       0x62 tmp/obj/gcc/can_freertos_customization/Dio_Ipw.o
 .text.Dio_Ipw_ReadChannelValue
                0x340080f0       0x48 tmp/obj/gcc/can_freertos_customization/Dio_Ipw.o
 .text.Dio_Ipw_ReadChannel
                0x34008138       0x3c tmp/obj/gcc/can_freertos_customization/Dio_Ipw.o
                0x34008138                Dio_Ipw_ReadChannel
 .text.Dio_Ipw_WriteChannel
                0x34008174       0x50 tmp/obj/gcc/can_freertos_customization/Dio_Ipw.o
                0x34008174                Dio_Ipw_WriteChannel
 .text.Dio_Ipw_ReadPort
                0x340081c4       0x70 tmp/obj/gcc/can_freertos_customization/Dio_Ipw.o
                0x340081c4                Dio_Ipw_ReadPort
 .text.Dio_Ipw_WritePort
                0x34008234       0x74 tmp/obj/gcc/can_freertos_customization/Dio_Ipw.o
                0x34008234                Dio_Ipw_WritePort
 .text.Dio_Ipw_ReadChannelGroup
                0x340082a8       0x94 tmp/obj/gcc/can_freertos_customization/Dio_Ipw.o
                0x340082a8                Dio_Ipw_ReadChannelGroup
 .text.Dio_Ipw_WriteChannelGroup
                0x3400833c       0x48 tmp/obj/gcc/can_freertos_customization/Dio_Ipw.o
                0x3400833c                Dio_Ipw_WriteChannelGroup
 .text.Siul2_Dio_Ip_Rev_Bit_16
                0x34008384       0x68 tmp/obj/gcc/can_freertos_customization/Siul2_Dio_Ip.o
 .text.Siul2_Dio_Ip_WritePin
                0x340083ec       0x5c tmp/obj/gcc/can_freertos_customization/Siul2_Dio_Ip.o
                0x340083ec                Siul2_Dio_Ip_WritePin
 .text.Siul2_Dio_Ip_WritePins
                0x34008448       0x24 tmp/obj/gcc/can_freertos_customization/Siul2_Dio_Ip.o
                0x34008448                Siul2_Dio_Ip_WritePins
 .text.Siul2_Dio_Ip_GetPinsOutput
                0x3400846c       0x26 tmp/obj/gcc/can_freertos_customization/Siul2_Dio_Ip.o
                0x3400846c                Siul2_Dio_Ip_GetPinsOutput
 .text.Siul2_Dio_Ip_SetPins
                0x34008492       0x2e tmp/obj/gcc/can_freertos_customization/Siul2_Dio_Ip.o
                0x34008492                Siul2_Dio_Ip_SetPins
 .text.Siul2_Dio_Ip_ClearPins
                0x340084c0       0x30 tmp/obj/gcc/can_freertos_customization/Siul2_Dio_Ip.o
                0x340084c0                Siul2_Dio_Ip_ClearPins
 .text.Siul2_Dio_Ip_TogglePins
                0x340084f0       0x2e tmp/obj/gcc/can_freertos_customization/Siul2_Dio_Ip.o
                0x340084f0                Siul2_Dio_Ip_TogglePins
 .text.Siul2_Dio_Ip_ReadPins
                0x3400851e       0x28 tmp/obj/gcc/can_freertos_customization/Siul2_Dio_Ip.o
                0x3400851e                Siul2_Dio_Ip_ReadPins
 .text.Siul2_Dio_Ip_ReadPin
                0x34008546       0x40 tmp/obj/gcc/can_freertos_customization/Siul2_Dio_Ip.o
                0x34008546                Siul2_Dio_Ip_ReadPin
 *fill*         0x34008586        0x2 
 .text.Siul2_Dio_Ip_MaskedWritePins
                0x34008588       0x60 tmp/obj/gcc/can_freertos_customization/Siul2_Dio_Ip.o
                0x34008588                Siul2_Dio_Ip_MaskedWritePins
 .text.Spi_HWUnitCheckValidity
                0x340085e8       0xa4 tmp/obj/gcc/can_freertos_customization/Spi.o
 .text.Spi_CheckInit
                0x3400868c       0x38 tmp/obj/gcc/can_freertos_customization/Spi.o
 .text.Spi_GetAsyncStatus
                0x340086c4       0xa4 tmp/obj/gcc/can_freertos_customization/Spi.o
 .text.Spi_LockJobs
                0x34008768       0x7c tmp/obj/gcc/can_freertos_customization/Spi.o
 .text.Spi_UnlockRemainingJobs
                0x340087e4       0x5c tmp/obj/gcc/can_freertos_customization/Spi.o
 .text.Spi_ScheduleJob
                0x34008840       0xd0 tmp/obj/gcc/can_freertos_customization/Spi.o
 .text.Spi_SynctransmitCheckJobsIsValid
                0x34008910       0x94 tmp/obj/gcc/can_freertos_customization/Spi.o
 .text.Spi_SyncJobsTranfer
                0x340089a4      0x128 tmp/obj/gcc/can_freertos_customization/Spi.o
 .text.Spi_ChannelCheckValidity
                0x34008acc       0xb8 tmp/obj/gcc/can_freertos_customization/Spi.o
 .text.Spi_AsyncTransmitCheckDemReport
                0x34008b84       0x5c tmp/obj/gcc/can_freertos_customization/Spi.o
 .text.Spi_InitCheckDemError
                0x34008be0       0x50 tmp/obj/gcc/can_freertos_customization/Spi.o
 .text.Spi_InitChannelsJobsSeqsState
                0x34008c30      0x190 tmp/obj/gcc/can_freertos_customization/Spi.o
 .text.Spi_InitJobsList
                0x34008dc0       0x80 tmp/obj/gcc/can_freertos_customization/Spi.o
 .text.Spi_SyncTransmitCheckDemReport
                0x34008e40       0xb0 tmp/obj/gcc/can_freertos_customization/Spi.o
 .text.Spi_GetStatusAsyncCheckHwBusy
                0x34008ef0       0x80 tmp/obj/gcc/can_freertos_customization/Spi.o
 .text.Spi_LockJobsProcess
                0x34008f70       0xb4 tmp/obj/gcc/can_freertos_customization/Spi.o
 .text.Spi_GetVersionInfo
                0x34009024       0x42 tmp/obj/gcc/can_freertos_customization/Spi.o
                0x34009024                Spi_GetVersionInfo
 *fill*         0x34009066        0x2 
 .text.Spi_Init
                0x34009068       0xe4 tmp/obj/gcc/can_freertos_customization/Spi.o
                0x34009068                Spi_Init
 .text.Spi_DeInit
                0x3400914c       0xb8 tmp/obj/gcc/can_freertos_customization/Spi.o
                0x3400914c                Spi_DeInit
 .text.Spi_WriteIB
                0x34009204       0xd4 tmp/obj/gcc/can_freertos_customization/Spi.o
                0x34009204                Spi_WriteIB
 .text.Spi_AsyncTransmit
                0x340092d8      0x21c tmp/obj/gcc/can_freertos_customization/Spi.o
                0x340092d8                Spi_AsyncTransmit
 .text.Spi_ReadIB
                0x340094f4       0xb4 tmp/obj/gcc/can_freertos_customization/Spi.o
                0x340094f4                Spi_ReadIB
 .text.Spi_GetStatus
                0x340095a8       0xa4 tmp/obj/gcc/can_freertos_customization/Spi.o
                0x340095a8                Spi_GetStatus
 .text.Spi_GetJobResult
                0x3400964c       0xc8 tmp/obj/gcc/can_freertos_customization/Spi.o
                0x3400964c                Spi_GetJobResult
 .text.Spi_GetSequenceResult
                0x34009714       0xb4 tmp/obj/gcc/can_freertos_customization/Spi.o
                0x34009714                Spi_GetSequenceResult
 .text.Spi_SyncTransmit
                0x340097c8      0x1c4 tmp/obj/gcc/can_freertos_customization/Spi.o
                0x340097c8                Spi_SyncTransmit
 .text.Spi_GetHWUnitStatus
                0x3400998c       0x40 tmp/obj/gcc/can_freertos_customization/Spi.o
                0x3400998c                Spi_GetHWUnitStatus
 .text.Spi_Cancel
                0x340099cc       0xa4 tmp/obj/gcc/can_freertos_customization/Spi.o
                0x340099cc                Spi_Cancel
 .text.Spi_SetAsyncMode
                0x34009a70       0xb4 tmp/obj/gcc/can_freertos_customization/Spi.o
                0x34009a70                Spi_SetAsyncMode
 .text.Spi_MainFunction_Handling
                0x34009b24       0x88 tmp/obj/gcc/can_freertos_customization/Spi.o
                0x34009b24                Spi_MainFunction_Handling
 .text.Spi_ScheduleNextJob
                0x34009bac       0xf0 tmp/obj/gcc/can_freertos_customization/Spi.o
 .text.Spi_JobTransferFinished
                0x34009c9c      0x188 tmp/obj/gcc/can_freertos_customization/Spi.o
                0x34009c9c                Spi_JobTransferFinished
 .text.Spi_Ip_TransferProcess
                0x34009e24      0x148 tmp/obj/gcc/can_freertos_customization/Spi_Ip.o
 .text.Spi_Ip_ReadRxFifo
                0x34009f6c       0xb8 tmp/obj/gcc/can_freertos_customization/Spi_Ip.o
 .text.Spi_Ip_WriteTxFifo
                0x3400a024       0xd8 tmp/obj/gcc/can_freertos_customization/Spi_Ip.o
 .text.Spi_Ip_ReceiveData
                0x3400a0fc       0x84 tmp/obj/gcc/can_freertos_customization/Spi_Ip.o
 .text.Spi_Ip_ChannelFinished
                0x3400a180       0x5c tmp/obj/gcc/can_freertos_customization/Spi_Ip.o
 .text.Spi_Ip_WriteCmdFifo
                0x3400a1dc       0x9c tmp/obj/gcc/can_freertos_customization/Spi_Ip.o
 .text.Spi_Ip_UpdateTxRxCounter
                0x3400a278       0x70 tmp/obj/gcc/can_freertos_customization/Spi_Ip.o
 .text.Spi_Ip_Init
                0x3400a2e8       0xa0 tmp/obj/gcc/can_freertos_customization/Spi_Ip.o
                0x3400a2e8                Spi_Ip_Init
 .text.Spi_Ip_DeInit
                0x3400a388       0x90 tmp/obj/gcc/can_freertos_customization/Spi_Ip.o
                0x3400a388                Spi_Ip_DeInit
 .text.Spi_Ip_SyncTransmit
                0x3400a418      0x338 tmp/obj/gcc/can_freertos_customization/Spi_Ip.o
                0x3400a418                Spi_Ip_SyncTransmit
 .text.Spi_Ip_AsyncTransmit
                0x3400a750      0x208 tmp/obj/gcc/can_freertos_customization/Spi_Ip.o
                0x3400a750                Spi_Ip_AsyncTransmit
 .text.Spi_Ip_ManageBuffers
                0x3400a958       0x30 tmp/obj/gcc/can_freertos_customization/Spi_Ip.o
                0x3400a958                Spi_Ip_ManageBuffers
 .text.Spi_Ip_UpdateFrameSize
                0x3400a988       0x48 tmp/obj/gcc/can_freertos_customization/Spi_Ip.o
                0x3400a988                Spi_Ip_UpdateFrameSize
 .text.Spi_Ip_UpdateLsb
                0x3400a9d0       0x48 tmp/obj/gcc/can_freertos_customization/Spi_Ip.o
                0x3400a9d0                Spi_Ip_UpdateLsb
 .text.Spi_Ip_UpdateDefaultTransmitData
                0x3400aa18       0x44 tmp/obj/gcc/can_freertos_customization/Spi_Ip.o
                0x3400aa18                Spi_Ip_UpdateDefaultTransmitData
 .text.Spi_Ip_UpdateTransferMode
                0x3400aa5c       0x44 tmp/obj/gcc/can_freertos_customization/Spi_Ip.o
                0x3400aa5c                Spi_Ip_UpdateTransferMode
 .text.Spi_Ip_Cancel
                0x3400aaa0       0x64 tmp/obj/gcc/can_freertos_customization/Spi_Ip.o
                0x3400aaa0                Spi_Ip_Cancel
 .text.Spi_Ip_IrqHandler
                0x3400ab04       0x74 tmp/obj/gcc/can_freertos_customization/Spi_Ip.o
                0x3400ab04                Spi_Ip_IrqHandler
 .text.Spi_Ip_GetStatus
                0x3400ab78       0x38 tmp/obj/gcc/can_freertos_customization/Spi_Ip.o
                0x3400ab78                Spi_Ip_GetStatus
 .text.Spi_Ip_SPI_5_IRQHandler
                0x3400abb0        0xe tmp/obj/gcc/can_freertos_customization/Spi_Ip_Irq.o
                0x3400abb0                Spi_Ip_SPI_5_IRQHandler
 .text.Spi_Ipw_SyncTransmitProcess
                0x3400abbe       0x4c tmp/obj/gcc/can_freertos_customization/Spi_Ipw.o
 *fill*         0x3400ac0a        0x2 
 .text.Spi_Ipw_Init
                0x3400ac0c       0x40 tmp/obj/gcc/can_freertos_customization/Spi_Ipw.o
                0x3400ac0c                Spi_Ipw_Init
 .text.Spi_Ipw_DeInit
                0x3400ac4c       0x54 tmp/obj/gcc/can_freertos_customization/Spi_Ipw.o
                0x3400ac4c                Spi_Ipw_DeInit
 .text.Spi_Ipw_SyncTransmit
                0x3400aca0      0x108 tmp/obj/gcc/can_freertos_customization/Spi_Ipw.o
                0x3400aca0                Spi_Ipw_SyncTransmit
 .text.Spi_Ipw_IrqPoll
                0x3400ada8       0x70 tmp/obj/gcc/can_freertos_customization/Spi_Ipw.o
                0x3400ada8                Spi_Ipw_IrqPoll
 .text.Spi_Ipw_IrqConfig
                0x3400ae18       0x80 tmp/obj/gcc/can_freertos_customization/Spi_Ipw.o
                0x3400ae18                Spi_Ipw_IrqConfig
 .text.Spi_Ipw_EndChannelCallback
                0x3400ae98      0x1b0 tmp/obj/gcc/can_freertos_customization/Spi_Ipw.o
 .text.Spi_Ipw_Callback
                0x3400b048       0x34 tmp/obj/gcc/can_freertos_customization/Spi_Ipw.o
 .text.Spi_Ipw_JobTransfer
                0x3400b07c      0x104 tmp/obj/gcc/can_freertos_customization/Spi_Ipw.o
                0x3400b07c                Spi_Ipw_JobTransfer
 .text.Mcu_schm_read_msr
                0x3400b180       0x14 tmp/obj/gcc/can_freertos_customization/SchM_Mcu.o
                0x3400b180                Mcu_schm_read_msr
 .text.SchM_Enter_Mcu_MCU_EXCLUSIVE_AREA_00
                0x3400b194       0x58 tmp/obj/gcc/can_freertos_customization/SchM_Mcu.o
                0x3400b194                SchM_Enter_Mcu_MCU_EXCLUSIVE_AREA_00
 .text.SchM_Exit_Mcu_MCU_EXCLUSIVE_AREA_00
                0x3400b1ec       0x50 tmp/obj/gcc/can_freertos_customization/SchM_Mcu.o
                0x3400b1ec                SchM_Exit_Mcu_MCU_EXCLUSIVE_AREA_00
 .text.SchM_Enter_Mcu_MCU_EXCLUSIVE_AREA_01
                0x3400b23c       0x58 tmp/obj/gcc/can_freertos_customization/SchM_Mcu.o
                0x3400b23c                SchM_Enter_Mcu_MCU_EXCLUSIVE_AREA_01
 .text.SchM_Exit_Mcu_MCU_EXCLUSIVE_AREA_01
                0x3400b294       0x50 tmp/obj/gcc/can_freertos_customization/SchM_Mcu.o
                0x3400b294                SchM_Exit_Mcu_MCU_EXCLUSIVE_AREA_01
 .text.SchM_Enter_Mcu_MCU_EXCLUSIVE_AREA_02
                0x3400b2e4       0x58 tmp/obj/gcc/can_freertos_customization/SchM_Mcu.o
                0x3400b2e4                SchM_Enter_Mcu_MCU_EXCLUSIVE_AREA_02
 .text.SchM_Exit_Mcu_MCU_EXCLUSIVE_AREA_02
                0x3400b33c       0x50 tmp/obj/gcc/can_freertos_customization/SchM_Mcu.o
                0x3400b33c                SchM_Exit_Mcu_MCU_EXCLUSIVE_AREA_02
 .text.Port_schm_read_msr
                0x3400b38c       0x14 tmp/obj/gcc/can_freertos_customization/SchM_Port.o
                0x3400b38c                Port_schm_read_msr
 .text.SchM_Enter_Port_PORT_EXCLUSIVE_AREA_00
                0x3400b3a0       0x58 tmp/obj/gcc/can_freertos_customization/SchM_Port.o
                0x3400b3a0                SchM_Enter_Port_PORT_EXCLUSIVE_AREA_00
 .text.SchM_Exit_Port_PORT_EXCLUSIVE_AREA_00
                0x3400b3f8       0x50 tmp/obj/gcc/can_freertos_customization/SchM_Port.o
                0x3400b3f8                SchM_Exit_Port_PORT_EXCLUSIVE_AREA_00
 .text.SchM_Enter_Port_PORT_EXCLUSIVE_AREA_01
                0x3400b448       0x58 tmp/obj/gcc/can_freertos_customization/SchM_Port.o
                0x3400b448                SchM_Enter_Port_PORT_EXCLUSIVE_AREA_01
 .text.SchM_Exit_Port_PORT_EXCLUSIVE_AREA_01
                0x3400b4a0       0x50 tmp/obj/gcc/can_freertos_customization/SchM_Port.o
                0x3400b4a0                SchM_Exit_Port_PORT_EXCLUSIVE_AREA_01
 .text.SchM_Enter_Port_PORT_EXCLUSIVE_AREA_02
                0x3400b4f0       0x58 tmp/obj/gcc/can_freertos_customization/SchM_Port.o
                0x3400b4f0                SchM_Enter_Port_PORT_EXCLUSIVE_AREA_02
 .text.SchM_Exit_Port_PORT_EXCLUSIVE_AREA_02
                0x3400b548       0x50 tmp/obj/gcc/can_freertos_customization/SchM_Port.o
                0x3400b548                SchM_Exit_Port_PORT_EXCLUSIVE_AREA_02
 .text.SchM_Enter_Port_PORT_EXCLUSIVE_AREA_03
                0x3400b598       0x58 tmp/obj/gcc/can_freertos_customization/SchM_Port.o
                0x3400b598                SchM_Enter_Port_PORT_EXCLUSIVE_AREA_03
 .text.SchM_Exit_Port_PORT_EXCLUSIVE_AREA_03
                0x3400b5f0       0x50 tmp/obj/gcc/can_freertos_customization/SchM_Port.o
                0x3400b5f0                SchM_Exit_Port_PORT_EXCLUSIVE_AREA_03
 .text.SchM_Enter_Port_PORT_EXCLUSIVE_AREA_04
                0x3400b640       0x58 tmp/obj/gcc/can_freertos_customization/SchM_Port.o
                0x3400b640                SchM_Enter_Port_PORT_EXCLUSIVE_AREA_04
 .text.SchM_Exit_Port_PORT_EXCLUSIVE_AREA_04
                0x3400b698       0x50 tmp/obj/gcc/can_freertos_customization/SchM_Port.o
                0x3400b698                SchM_Exit_Port_PORT_EXCLUSIVE_AREA_04
 .text.SchM_Enter_Port_PORT_EXCLUSIVE_AREA_05
                0x3400b6e8       0x58 tmp/obj/gcc/can_freertos_customization/SchM_Port.o
                0x3400b6e8                SchM_Enter_Port_PORT_EXCLUSIVE_AREA_05
 .text.SchM_Exit_Port_PORT_EXCLUSIVE_AREA_05
                0x3400b740       0x50 tmp/obj/gcc/can_freertos_customization/SchM_Port.o
                0x3400b740                SchM_Exit_Port_PORT_EXCLUSIVE_AREA_05
 .text.SchM_Enter_Port_PORT_EXCLUSIVE_AREA_06
                0x3400b790       0x58 tmp/obj/gcc/can_freertos_customization/SchM_Port.o
                0x3400b790                SchM_Enter_Port_PORT_EXCLUSIVE_AREA_06
 .text.SchM_Exit_Port_PORT_EXCLUSIVE_AREA_06
                0x3400b7e8       0x50 tmp/obj/gcc/can_freertos_customization/SchM_Port.o
                0x3400b7e8                SchM_Exit_Port_PORT_EXCLUSIVE_AREA_06
 .text.SchM_Enter_Port_PORT_EXCLUSIVE_AREA_07
                0x3400b838       0x58 tmp/obj/gcc/can_freertos_customization/SchM_Port.o
                0x3400b838                SchM_Enter_Port_PORT_EXCLUSIVE_AREA_07
 .text.SchM_Exit_Port_PORT_EXCLUSIVE_AREA_07
                0x3400b890       0x50 tmp/obj/gcc/can_freertos_customization/SchM_Port.o
                0x3400b890                SchM_Exit_Port_PORT_EXCLUSIVE_AREA_07
 .text.SchM_Enter_Port_PORT_EXCLUSIVE_AREA_08
                0x3400b8e0       0x58 tmp/obj/gcc/can_freertos_customization/SchM_Port.o
                0x3400b8e0                SchM_Enter_Port_PORT_EXCLUSIVE_AREA_08
 .text.SchM_Exit_Port_PORT_EXCLUSIVE_AREA_08
                0x3400b938       0x50 tmp/obj/gcc/can_freertos_customization/SchM_Port.o
                0x3400b938                SchM_Exit_Port_PORT_EXCLUSIVE_AREA_08
 .text.SchM_Enter_Port_PORT_EXCLUSIVE_AREA_09
                0x3400b988       0x58 tmp/obj/gcc/can_freertos_customization/SchM_Port.o
                0x3400b988                SchM_Enter_Port_PORT_EXCLUSIVE_AREA_09
 .text.SchM_Exit_Port_PORT_EXCLUSIVE_AREA_09
                0x3400b9e0       0x50 tmp/obj/gcc/can_freertos_customization/SchM_Port.o
                0x3400b9e0                SchM_Exit_Port_PORT_EXCLUSIVE_AREA_09
 .text.SchM_Enter_Port_PORT_EXCLUSIVE_AREA_10
                0x3400ba30       0x58 tmp/obj/gcc/can_freertos_customization/SchM_Port.o
                0x3400ba30                SchM_Enter_Port_PORT_EXCLUSIVE_AREA_10
 .text.SchM_Exit_Port_PORT_EXCLUSIVE_AREA_10
                0x3400ba88       0x50 tmp/obj/gcc/can_freertos_customization/SchM_Port.o
                0x3400ba88                SchM_Exit_Port_PORT_EXCLUSIVE_AREA_10
 .text.SchM_Enter_Port_PORT_EXCLUSIVE_AREA_11
                0x3400bad8       0x58 tmp/obj/gcc/can_freertos_customization/SchM_Port.o
                0x3400bad8                SchM_Enter_Port_PORT_EXCLUSIVE_AREA_11
 .text.SchM_Exit_Port_PORT_EXCLUSIVE_AREA_11
                0x3400bb30       0x50 tmp/obj/gcc/can_freertos_customization/SchM_Port.o
                0x3400bb30                SchM_Exit_Port_PORT_EXCLUSIVE_AREA_11
 .text.SchM_Enter_Port_PORT_EXCLUSIVE_AREA_12
                0x3400bb80       0x58 tmp/obj/gcc/can_freertos_customization/SchM_Port.o
                0x3400bb80                SchM_Enter_Port_PORT_EXCLUSIVE_AREA_12
 .text.SchM_Exit_Port_PORT_EXCLUSIVE_AREA_12
                0x3400bbd8       0x50 tmp/obj/gcc/can_freertos_customization/SchM_Port.o
                0x3400bbd8                SchM_Exit_Port_PORT_EXCLUSIVE_AREA_12
 .text.SchM_Enter_Port_PORT_EXCLUSIVE_AREA_13
                0x3400bc28       0x58 tmp/obj/gcc/can_freertos_customization/SchM_Port.o
                0x3400bc28                SchM_Enter_Port_PORT_EXCLUSIVE_AREA_13
 .text.SchM_Exit_Port_PORT_EXCLUSIVE_AREA_13
                0x3400bc80       0x50 tmp/obj/gcc/can_freertos_customization/SchM_Port.o
                0x3400bc80                SchM_Exit_Port_PORT_EXCLUSIVE_AREA_13
 .text.SchM_Enter_Port_PORT_EXCLUSIVE_AREA_14
                0x3400bcd0       0x58 tmp/obj/gcc/can_freertos_customization/SchM_Port.o
                0x3400bcd0                SchM_Enter_Port_PORT_EXCLUSIVE_AREA_14
 .text.SchM_Exit_Port_PORT_EXCLUSIVE_AREA_14
                0x3400bd28       0x50 tmp/obj/gcc/can_freertos_customization/SchM_Port.o
                0x3400bd28                SchM_Exit_Port_PORT_EXCLUSIVE_AREA_14
 .text.SchM_Enter_Port_PORT_EXCLUSIVE_AREA_15
                0x3400bd78       0x58 tmp/obj/gcc/can_freertos_customization/SchM_Port.o
                0x3400bd78                SchM_Enter_Port_PORT_EXCLUSIVE_AREA_15
 .text.SchM_Exit_Port_PORT_EXCLUSIVE_AREA_15
                0x3400bdd0       0x50 tmp/obj/gcc/can_freertos_customization/SchM_Port.o
                0x3400bdd0                SchM_Exit_Port_PORT_EXCLUSIVE_AREA_15
 .text.SchM_Enter_Port_PORT_EXCLUSIVE_AREA_16
                0x3400be20       0x58 tmp/obj/gcc/can_freertos_customization/SchM_Port.o
                0x3400be20                SchM_Enter_Port_PORT_EXCLUSIVE_AREA_16
 .text.SchM_Exit_Port_PORT_EXCLUSIVE_AREA_16
                0x3400be78       0x50 tmp/obj/gcc/can_freertos_customization/SchM_Port.o
                0x3400be78                SchM_Exit_Port_PORT_EXCLUSIVE_AREA_16
 .text.SchM_Enter_Port_PORT_EXCLUSIVE_AREA_17
                0x3400bec8       0x58 tmp/obj/gcc/can_freertos_customization/SchM_Port.o
                0x3400bec8                SchM_Enter_Port_PORT_EXCLUSIVE_AREA_17
 .text.SchM_Exit_Port_PORT_EXCLUSIVE_AREA_17
                0x3400bf20       0x50 tmp/obj/gcc/can_freertos_customization/SchM_Port.o
                0x3400bf20                SchM_Exit_Port_PORT_EXCLUSIVE_AREA_17
 .text.SchM_Enter_Port_PORT_EXCLUSIVE_AREA_18
                0x3400bf70       0x58 tmp/obj/gcc/can_freertos_customization/SchM_Port.o
                0x3400bf70                SchM_Enter_Port_PORT_EXCLUSIVE_AREA_18
 .text.SchM_Exit_Port_PORT_EXCLUSIVE_AREA_18
                0x3400bfc8       0x50 tmp/obj/gcc/can_freertos_customization/SchM_Port.o
                0x3400bfc8                SchM_Exit_Port_PORT_EXCLUSIVE_AREA_18
 .text.SchM_Enter_Port_PORT_EXCLUSIVE_AREA_19
                0x3400c018       0x58 tmp/obj/gcc/can_freertos_customization/SchM_Port.o
                0x3400c018                SchM_Enter_Port_PORT_EXCLUSIVE_AREA_19
 .text.SchM_Exit_Port_PORT_EXCLUSIVE_AREA_19
                0x3400c070       0x50 tmp/obj/gcc/can_freertos_customization/SchM_Port.o
                0x3400c070                SchM_Exit_Port_PORT_EXCLUSIVE_AREA_19
 .text.SchM_Enter_Port_PORT_EXCLUSIVE_AREA_20
                0x3400c0c0       0x58 tmp/obj/gcc/can_freertos_customization/SchM_Port.o
                0x3400c0c0                SchM_Enter_Port_PORT_EXCLUSIVE_AREA_20
 .text.SchM_Exit_Port_PORT_EXCLUSIVE_AREA_20
                0x3400c118       0x50 tmp/obj/gcc/can_freertos_customization/SchM_Port.o
                0x3400c118                SchM_Exit_Port_PORT_EXCLUSIVE_AREA_20
 .text.SchM_Enter_Port_PORT_EXCLUSIVE_AREA_21
                0x3400c168       0x58 tmp/obj/gcc/can_freertos_customization/SchM_Port.o
                0x3400c168                SchM_Enter_Port_PORT_EXCLUSIVE_AREA_21
 .text.SchM_Exit_Port_PORT_EXCLUSIVE_AREA_21
                0x3400c1c0       0x50 tmp/obj/gcc/can_freertos_customization/SchM_Port.o
                0x3400c1c0                SchM_Exit_Port_PORT_EXCLUSIVE_AREA_21
 .text.SchM_Enter_Port_PORT_EXCLUSIVE_AREA_22
                0x3400c210       0x58 tmp/obj/gcc/can_freertos_customization/SchM_Port.o
                0x3400c210                SchM_Enter_Port_PORT_EXCLUSIVE_AREA_22
 .text.SchM_Exit_Port_PORT_EXCLUSIVE_AREA_22
                0x3400c268       0x50 tmp/obj/gcc/can_freertos_customization/SchM_Port.o
                0x3400c268                SchM_Exit_Port_PORT_EXCLUSIVE_AREA_22
 .text.SchM_Enter_Port_PORT_EXCLUSIVE_AREA_23
                0x3400c2b8       0x58 tmp/obj/gcc/can_freertos_customization/SchM_Port.o
                0x3400c2b8                SchM_Enter_Port_PORT_EXCLUSIVE_AREA_23